c[?7l[2J[0mSeaBIOS (version 1.16.3-debian-1.16.3-2)


iPXE (https://ipxe.org) 00:03.0 CA00 PCI2.10 PnP PMM+7EFCAD80+7EF0AD80 CA00
Press Ctrl-B to configure iPXE (PCI 00:03.0)...                                                                               




iPXE (https://ipxe.org) 00:04.0 CB00 PCI2.10 PnP PMM 7EFCAD80 7EF0AD80 CB00
Press Ctrl-B to configure iPXE (PCI 00:04.0)...                                                                               


Booting from ROM...
early console in setup codc[?7l[2J[    0.000000] Linux version 6.8.0-00010-ga25ab8b73ee2 (sagar@silicon) (gcc (Ubuntu 13.3.0-6ubuntu2~24.04) 13.3.0, GNU ld (GNU Binutils for Ubuntu) 2.42) #1 SMP PREEMPT_DYNAMIC Fri Jun 20 07:27:03 CDT 2025
[    0.000000] Command line: nokaslr console=ttyS0 root=/dev/sda1 rw debug
[    0.000000] BIOS-provided physical RAM map:
[    0.000000] BIOS-e820: [mem 0x0000000000000000-0x000000000009fbff] usable
[    0.000000] BIOS-e820: [mem 0x000000000009fc00-0x000000000009ffff] reserved
[    0.000000] BIOS-e820: [mem 0x00000000000f0000-0x00000000000fffff] reserved
[    0.000000] BIOS-e820: [mem 0x0000000000100000-0x000000007ffdffff] usable
[    0.000000] BIOS-e820: [mem 0x000000007ffe0000-0x000000007fffffff] reserved
[    0.000000] BIOS-e820: [mem 0x00000000feffc000-0x00000000feffffff] reserved
[    0.000000] BIOS-e820: [mem 0x00000000fffc0000-0x00000000ffffffff] reserved
[    0.000000] NX (Execute Disable) protection: active
[    0.000000] APIC: Static calls initialized
[    0.000000] SMBIOS 3.0.0 present.
[    0.000000] DMI: QEMU Ubuntu 24.04 PC (i440FX + PIIX, 1996), BIOS 1.16.3-debian-1.16.3-2 04/01/2014
[    0.000000] Hypervisor detected: KVM
[    0.000000] kvm-clock: Using msrs 4b564d01 and 4b564d00
[    0.000001] kvm-clock: using sched offset of 353119629 cycles
[    0.000002] clocksource: kvm-clock: mask: 0xffffffffffffffff max_cycles: 0x1cd42e4dffb, max_idle_ns: 881590591483 ns
[    0.000006] tsc: Detected 2496.000 MHz processor
[    0.000538] e820: update [mem 0x00000000-0x00000fff] usable ==> reserved
[    0.000541] e820: remove [mem 0x000a0000-0x000fffff] usable
[    0.000546] last_pfn = 0x7ffe0 max_arch_pfn = 0x400000000
[    0.000590] MTRR map: 4 entries (3 fixed + 1 variable; max 19), built from 8 variable MTRRs
[    0.000593] x86/PAT: Configuration [0-7]: WB  WC  UC- UC  WB  WP  UC- WT  
[    0.006004] found SMP MP-table at [mem 0x000f5470-0x000f547f]
[    0.006135] ACPI: Early table checksum verification disabled
[    0.006138] ACPI: RSDP 0x00000000000F5290 000014 (v00 BOCHS )
[    0.006146] ACPI: RSDT 0x000000007FFE1CA1 000034 (v01 BOCHS  BXPC     00000001 BXPC 00000001)
[    0.006153] ACPI: FACP 0x000000007FFE1B4D 000074 (v01 BOCHS  BXPC     00000001 BXPC 00000001)
[    0.006158] ACPI: DSDT 0x000000007FFE0040 001B0D (v01 BOCHS  BXPC     00000001 BXPC 00000001)
[    0.006162] ACPI: FACS 0x000000007FFE0000 000040
[    0.006164] ACPI: APIC 0x000000007FFE1BC1 000080 (v03 BOCHS  BXPC     00000001 BXPC 00000001)
[    0.006167] ACPI: HPET 0x000000007FFE1C41 000038 (v01 BOCHS  BXPC     00000001 BXPC 00000001)
[    0.006169] ACPI: WAET 0x000000007FFE1C79 000028 (v01 BOCHS  BXPC     00000001 BXPC 00000001)
[    0.006171] ACPI: Reserving FACP table memory at [mem 0x7ffe1b4d-0x7ffe1bc0]
[    0.006173] ACPI: Reserving DSDT table memory at [mem 0x7ffe0040-0x7ffe1b4c]
[    0.006174] ACPI: Reserving FACS table memory at [mem 0x7ffe0000-0x7ffe003f]
[    0.006174] ACPI: Reserving APIC table memory at [mem 0x7ffe1bc1-0x7ffe1c40]
[    0.006175] ACPI: Reserving HPET table memory at [mem 0x7ffe1c41-0x7ffe1c78]
[    0.006176] ACPI: Reserving WAET table memory at [mem 0x7ffe1c79-0x7ffe1ca0]
[    0.006462] No NUMA configuration found
[    0.006463] Faking a node at [mem 0x0000000000000000-0x000000007ffdffff]
[    0.006465] NODE_DATA(0) allocated [mem 0x7ffdc000-0x7ffdffff]
[    0.006478] Zone ranges:
[    0.006478]   DMA      [mem 0x0000000000001000-0x0000000000ffffff]
[    0.006480]   DMA32    [mem 0x0000000001000000-0x000000007ffdffff]
[    0.006482]   Normal   empty
[    0.006483] Movable zone start for each node
[    0.006484] Early memory node ranges
[    0.006484]   node   0: [mem 0x0000000000001000-0x000000000009efff]
[    0.006486]   node   0: [mem 0x0000000000100000-0x000000007ffdffff]
[    0.006487] Initmem setup node 0 [mem 0x0000000000001000-0x000000007ffdffff]
[    0.006800] On node 0, zone DMA: 1 pages in unavailable ranges
[    0.006819] On node 0, zone DMA: 97 pages in unavailable ranges
[    0.013678] On node 0, zone DMA32: 32 pages in unavailable ranges
[    0.014078] ACPI: PM-Timer IO Port: 0x608
[    0.014086] ACPI: LAPIC_NMI (acpi_id[0xff] dfl dfl lint[0x1])
[    0.014129] IOAPIC[0]: apic_id 0, version 17, address 0xfec00000, GSI 0-23
[    0.014132] ACPI: INT_SRC_OVR (bus 0 bus_irq 0 global_irq 2 dfl dfl)
[    0.014134] ACPI: INT_SRC_OVR (bus 0 bus_irq 5 global_irq 5 high level)
[    0.014135] ACPI: INT_SRC_OVR (bus 0 bus_irq 9 global_irq 9 high level)
[    0.014136] ACPI: INT_SRC_OVR (bus 0 bus_irq 10 global_irq 10 high level)
[    0.014137] ACPI: INT_SRC_OVR (bus 0 bus_irq 11 global_irq 11 high level)
[    0.014141] ACPI: Using ACPI (MADT) for SMP configuration information
[    0.014142] ACPI: HPET id: 0x8086a201 base: 0xfed00000
[    0.014146] smpboot: Allowing 2 CPUs, 0 hotplug CPUs
[    0.014166] kvm-guest: APIC: eoi() replaced with kvm_guest_apic_eoi_write()
[    0.014183] PM: hibernation: Registered nosave memory: [mem 0x00000000-0x00000fff]
[    0.014185] PM: hibernation: Registered nosave memory: [mem 0x0009f000-0x0009ffff]
[    0.014186] PM: hibernation: Registered nosave memory: [mem 0x000a0000-0x000effff]
[    0.014186] PM: hibernation: Registered nosave memory: [mem 0x000f0000-0x000fffff]
[    0.014188] [mem 0x80000000-0xfeffbfff] available for PCI devices
[    0.014190] Booting paravirtualized kernel on KVM
[    0.014193] clocksource: refined-jiffies: mask: 0xffffffff max_cycles: 0xffffffff, max_idle_ns: 1910969940391419 ns
[    0.022011] setup_percpu: NR_CPUS:64 nr_cpumask_bits:2 nr_cpu_ids:2 nr_node_ids:1
[    0.022490] percpu: Embedded 55 pages/cpu s184552 r8192 d32536 u1048576
[    0.022494] pcpu-alloc: s184552 r8192 d32536 u1048576 alloc=1*2097152
[    0.022497] pcpu-alloc: [0] 0 1 
[    0.022519] Kernel command line: nokaslr console=ttyS0 root=/dev/sda1 rw debug
[    0.022574] Unknown kernel command line parameters "nokaslr", will be passed to user space.
[    0.023005] Dentry cache hash table entries: 262144 (order: 9, 2097152 bytes, linear)
[    0.023165] Inode-cache hash table entries: 131072 (order: 8, 1048576 bytes, linear)
[    0.023205] Fallback order for Node 0: 0 
[    0.023209] Built 1 zonelists, mobility grouping on.  Total pages: 515808
[    0.023210] Policy zone: DMA32
[    0.023212] mem auto-init: stack:all(zero), heap alloc:off, heap free:off
[    0.029034] Memory: 2020420K/2096632K available (18432K kernel code, 2747K rwdata, 6620K rodata, 2672K init, 1428K bss, 75956K reserved, 0K cma-reserved)
[    0.029069] SLUB: HWalign=64, Order=0-3, MinObjects=0, CPUs=2, Nodes=1
[    0.029081] Kernel/User page tables isolation: enabled
[    0.030629] Dynamic Preempt: voluntary
[    0.030964] rcu: Preemptible hierarchical RCU implementation.
[    0.030965] rcu: 	RCU event tracing is enabled.
[    0.030966] rcu: 	RCU restricting CPUs from NR_CPUS=64 to nr_cpu_ids=2.
[    0.030967] 	Trampoline variant of Tasks RCU enabled.
[    0.030968] rcu: RCU calculated value of scheduler-enlistment delay is 100 jiffies.
[    0.030969] rcu: Adjusting geometry for rcu_fanout_leaf=16, nr_cpu_ids=2
[    0.032517] NR_IRQS: 4352, nr_irqs: 440, preallocated irqs: 16
[    0.032725] rcu: srcu_init: Setting srcu_struct sizes based on contention.
[    0.038062] Console: colour VGA+ 80x25
[    0.038111] printk: legacy console [ttyS0] enabled
[    0.171206] ACPI: Core revision 20230628
[    0.172117] clocksource: hpet: mask: 0xffffffff max_cycles: 0xffffffff, max_idle_ns: 19112604467 ns
[    0.173922] APIC: Switch to symmetric I/O mode setup
[    0.176552] ..TIMER: vector=0x30 apic1=0 pin1=2 apic2=-1 pin2=-1
[    0.177637] clocksource: tsc-early: mask: 0xffffffffffffffff max_cycles: 0x23fa772cf26, max_idle_ns: 440795269835 ns
[    0.179432] Calibrating delay loop (skipped) preset value.. 4992.00 BogoMIPS (lpj=2496000)
[    0.181627] Last level iTLB entries: 4KB 0, 2MB 0, 4MB 0
[    0.182428] Last level dTLB entries: 4KB 0, 2MB 0, 4MB 0, 1GB 0
[    0.183430] Spectre V1 : Mitigation: usercopy/swapgs barriers and __user pointer sanitization
[    0.184429] Spectre V2 : Mitigation: Retpolines
[    0.185428] Spectre V2 : Spectre v2 / SpectreRSB mitigation: Filling RSB on context switch
[    0.186428] Spectre V2 : Spectre v2 / SpectreRSB : Filling RSB on VMEXIT
[    0.187428] Speculative Store Bypass: Vulnerable
[    0.188428] MDS: Vulnerable: Clear CPU buffers attempted, no microcode
[    0.189428] MMIO Stale Data: Unknown: No mitigations
[    0.190430] x86/fpu: x87 FPU will use FXSAVE
[    0.219479] Freeing SMP alternatives memory: 48K
[    0.220282] pid_max: default: 32768 minimum: 301
[    0.220455] LSM: initializing lsm=capability,selinux,integrity
[    0.221429] SELinux:  Initializing.
[    0.222460] Mount-cache hash table entries: 4096 (order: 3, 32768 bytes, linear)
[    0.223431] Mountpoint-cache hash table entries: 4096 (order: 3, 32768 bytes, linear)
[    0.327598] smpboot: CPU0: Intel QEMU Virtual CPU version 2.5+ (family: 0xf, model: 0x6b, stepping: 0x1)
[    0.328574] RCU Tasks: Setting shift to 1 and lim to 1 rcu_task_cb_adjust=1.
[    0.329439] Performance Events: unsupported Netburst CPU model 107 no PMU driver, software events only.
[    0.330464] signal: max sigframe size: 1440
[    0.331727] rcu: Hierarchical SRCU implementation.
[    0.332428] rcu: 	Max phase no-delay instances is 400.
[    0.333281] smp: Bringing up secondary CPUs ...
[    0.334158] smpboot: x86: Booting SMP configuration:
[    0.334429] .... node  #0, CPUs:      #1
[    0.346467] smp: Brought up 1 node, 2 CPUs
[    0.348429] smpboot: Max logical packages: 1
[    0.349069] smpboot: Total of 2 processors activated (9984.00 BogoMIPS)
[    0.350501] devtmpfs: initialized
[    0.351450] clocksource: jiffies: mask: 0xffffffff max_cycles: 0xffffffff, max_idle_ns: 1911260446275000 ns
[    0.352432] futex hash table entries: 512 (order: 3, 32768 bytes, linear)
[    0.353558] PM: RTC time: 22:29:01, date: 2025-07-31
[    0.354587] NET: Registered PF_NETLINK/PF_ROUTE protocol family
[    0.356505] audit: initializing netlink subsys (disabled)
[    0.357494] audit: type=2000 audit(1754000942.284:1): state=initialized audit_enabled=0 res=1
[    0.357554] thermal_sys: Registered thermal governor 'step_wise'
[    0.358432] thermal_sys: Registered thermal governor 'user_space'
[    0.359446] cpuidle: using governor menu
[    0.361640] PCI: Using configuration type 1 for base access
[    0.362521] kprobes: kprobe jump-optimization is enabled. All kprobes are optimized if possible.
[    0.365584] HugeTLB: registered 2.00 MiB page size, pre-allocated 0 pages
[    0.366431] HugeTLB: 28 KiB vmemmap can be freed for a 2.00 MiB page
[    0.369502] ACPI: Added _OSI(Module Device)
[    0.370430] ACPI: Added _OSI(Processor Device)
[    0.371429] ACPI: Added _OSI(3.0 _SCP Extensions)
[    0.372429] ACPI: Added _OSI(Processor Aggregator Device)
[    0.374480] ACPI: 1 ACPI AML tables successfully acquired and loaded
[    0.380955] ACPI: _OSC evaluation for CPUs failed, trying _PDC
[    0.382545] ACPI: Interpreter enabled
[    0.383443] ACPI: PM: (supports S0 S3 S4 S5)
[    0.384429] ACPI: Using IOAPIC for interrupt routing
[    0.385445] PCI: Using host bridge windows from ACPI; if necessary, use "pci=nocrs" and report a bug
[    0.388429] PCI: Using E820 reservations for host bridge windows
[    0.389453] ACPI: Enabled 2 GPEs in block 00 to 0F
[    0.393043] ACPI: PCI Root Bridge [PCI0] (domain 0000 [bus 00-ff])
[    0.395436] acpi PNP0A03:00: _OSC: OS supports [ASPM ClockPM Segments MSI HPX-Type3]
[    0.397436] acpi PNP0A03:00: _OSC: not requesting OS control; OS requires [ExtendedConfig ASPM ClockPM MSI]
[    0.400444] acpi PNP0A03:00: fail to add MMCONFIG information, can't access extended configuration space under this bridge
[    0.403648] PCI host bridge to bus 0000:00
[    0.404429] pci_bus 0000:00: root bus resource [io  0x0000-0x0cf7 window]
[    0.406429] pci_bus 0000:00: root bus resource [io  0x0d00-0xffff window]
[    0.408428] pci_bus 0000:00: root bus resource [mem 0x000a0000-0x000bffff window]
[    0.410433] pci_bus 0000:00: root bus resource [mem 0x80000000-0xfebfffff window]
[    0.412429] pci_bus 0000:00: root bus resource [mem 0x100000000-0x17fffffff window]
[    0.414429] pci_bus 0000:00: root bus resource [bus 00-ff]
[    0.415507] pci 0000:00:00.0: [8086:1237] type 00 class 0x060000 conventional PCI endpoint
[    0.418606] pci 0000:00:01.0: [8086:7000] type 00 class 0x060100 conventional PCI endpoint
[    0.421794] pci 0000:00:01.1: [8086:7010] type 00 class 0x010180 conventional PCI endpoint
[    0.427430] pci 0000:00:01.1: BAR 4 [io  0xc080-0xc08f]
[    0.430103] pci 0000:00:01.1: BAR 0 [io  0x01f0-0x01f7]: legacy IDE quirk
[    0.432429] pci 0000:00:01.1: BAR 1 [io  0x03f6]: legacy IDE quirk
[    0.434429] pci 0000:00:01.1: BAR 2 [io  0x0170-0x0177]: legacy IDE quirk
[    0.435429] pci 0000:00:01.1: BAR 3 [io  0x0376]: legacy IDE quirk
[    0.437702] pci 0000:00:01.3: [8086:7113] type 00 class 0x068000 conventional PCI endpoint
[    0.440153] pci 0000:00:01.3: quirk: [io  0x0600-0x063f] claimed by PIIX4 ACPI
[    0.442429] pci 0000:00:01.3: quirk: [io  0x0700-0x070f] claimed by PIIX4 SMB
[    0.445467] pci 0000:00:02.0: [1234:1111] type 00 class 0x030000 conventional PCI endpoint
[    0.450440] pci 0000:00:02.0: BAR 0 [mem 0xfd000000-0xfdffffff pref]
[    0.455436] pci 0000:00:02.0: BAR 2 [mem 0xfebd0000-0xfebd0fff]
[    0.461774] pci 0000:00:02.0: ROM [mem 0xfebc0000-0xfebcffff pref]
[    0.463502] pci 0000:00:02.0: Video device with shadowed ROM at [mem 0x000c0000-0x000dffff]
[    0.465663] pci 0000:00:03.0: [8086:100e] type 00 class 0x020000 conventional PCI endpoint
[    0.467245] pci 0000:00:03.0: BAR 0 [mem 0xfeb80000-0xfeb9ffff]
[    0.469303] pci 0000:00:03.0: BAR 1 [io  0xc000-0xc03f]
[    0.474429] pci 0000:00:03.0: ROM [mem 0xfea80000-0xfeafffff pref]
[    0.477027] pci 0000:00:04.0: [8086:100e] type 00 class 0x020000 conventional PCI endpoint
[    0.483924] pci 0000:00:04.0: BAR 0 [mem 0xfeba0000-0xfebbffff]
[    0.485430] pci 0000:00:04.0: BAR 1 [io  0xc040-0xc07f]
[    0.490432] pci 0000:00:04.0: ROM [mem 0xfeb00000-0xfeb7ffff pref]
[    0.494557] ACPI: PCI: Interrupt link LNKA configured for IRQ 10
[    0.496546] ACPI: PCI: Interrupt link LNKB configured for IRQ 10
[    0.498542] ACPI: PCI: Interrupt link LNKC configured for IRQ 11
[    0.499514] ACPI: PCI: Interrupt link LNKD configured for IRQ 11
[    0.500482] ACPI: PCI: Interrupt link LNKS configured for IRQ 9
[    0.501725] iommu: Default domain type: Translated
[    0.503428] iommu: DMA domain TLB invalidation policy: lazy mode
[    0.504538] SCSI subsystem initialized
[    0.505486] libata version 3.00 loaded.
[    0.505486] ACPI: bus type USB registered
[    0.506225] usbcore: registered new interface driver usbfs
[    0.507433] usbcore: registered new interface driver hub
[    0.508433] usbcore: registered new device driver usb
[    0.509442] pps_core: LinuxPPS API ver. 1 registered
[    0.510427] pps_core: Software ver. 5.3.6 - Copyright 2005-2007 Rodolfo Giometti <giometti@linux.it>
[    0.512430] PTP clock support registered
[    0.513462] Advanced Linux Sound Architecture Driver Initialized.
[    0.514609] NetLabel: Initializing
[    0.515428] NetLabel:  domain hash size = 128
[    0.515428] NetLabel:  protocols = UNLABELED CIPSOv4 CALIPSO
[    0.517446] NetLabel:  unlabeled traffic allowed by default
[    0.518468] PCI: Using ACPI for IRQ routing
[    0.518468] PCI: pci_cache_line_size set to 64 bytes
[    0.519565] e820: reserve RAM buffer [mem 0x0009fc00-0x0009ffff]
[    0.521428] e820: reserve RAM buffer [mem 0x7ffe0000-0x7fffffff]
[    0.522444] pci 0000:00:02.0: vgaarb: setting as boot VGA device
[    0.523427] pci 0000:00:02.0: vgaarb: bridge control possible
[    0.523427] pci 0000:00:02.0: vgaarb: VGA device added: decodes=io+mem,owns=io+mem,locks=none
[    0.526429] vgaarb: loaded
[    0.527023] hpet: 3 channels of 0 reserved for per-cpu timers
[    0.527446] hpet0: at MMIO 0xfed00000, IRQs 2, 8, 0
[    0.528428] hpet0: 3 comparators, 64-bit 100.000000 MHz counter
[    0.535539] clocksource: Switched to clocksource kvm-clock
[    0.537233] VFS: Disk quotas dquot_6.6.0
[    0.538451] VFS: Dquot-cache hash table entries: 512 (order 0, 4096 bytes)
[    0.540917] pnp: PnP ACPI init
[    0.542032] pnp 00:02: [dma 2]
[    0.543310] pnp: PnP ACPI: found 6 devices
[    0.553216] clocksource: acpi_pm: mask: 0xffffff max_cycles: 0xffffff, max_idle_ns: 2085701024 ns
[    0.554927] NET: Registered PF_INET protocol family
[    0.555864] IP idents hash table entries: 32768 (order: 6, 262144 bytes, linear)
[    0.557751] tcp_listen_portaddr_hash hash table entries: 1024 (order: 2, 16384 bytes, linear)
[    0.559262] Table-perturb hash table entries: 65536 (order: 6, 262144 bytes, linear)
[    0.560636] TCP established hash table entries: 16384 (order: 5, 131072 bytes, linear)
[    0.562361] TCP bind hash table entries: 16384 (order: 7, 524288 bytes, linear)
[    0.563724] TCP: Hash tables configured (established 16384 bind 16384)
[    0.564894] UDP hash table entries: 1024 (order: 3, 32768 bytes, linear)
[    0.566074] UDP-Lite hash table entries: 1024 (order: 3, 32768 bytes, linear)
[    0.567362] NET: Registered PF_UNIX/PF_LOCAL protocol family
[    0.568579] RPC: Registered named UNIX socket transport module.
[    0.569626] RPC: Registered udp transport module.
[    0.570457] RPC: Registered tcp transport module.
[    0.571289] RPC: Registered tcp-with-tls transport module.
[    0.572258] RPC: Registered tcp NFSv4.1 backchannel transport module.
[    0.573958] pci_bus 0000:00: resource 4 [io  0x0000-0x0cf7 window]
[    0.575058] pci_bus 0000:00: resource 5 [io  0x0d00-0xffff window]
[    0.576157] pci_bus 0000:00: resource 6 [mem 0x000a0000-0x000bffff window]
[    0.577368] pci_bus 0000:00: resource 7 [mem 0x80000000-0xfebfffff window]
[    0.578571] pci_bus 0000:00: resource 8 [mem 0x100000000-0x17fffffff window]
[    0.579838] pci 0000:00:01.0: PIIX3: Enabling Passive Release
[    0.580858] pci 0000:00:00.0: Limiting direct PCI/PCI transfers
[    0.581976] PCI: CLS 0 bytes, default 64
[    0.582711] clocksource: tsc: mask: 0xffffffffffffffff max_cycles: 0x23fa772cf26, max_idle_ns: 440795269835 ns
[    0.585142] Initialise system trusted keyrings
[    0.586133] workingset: timestamp_bits=56 max_order=19 bucket_order=0
[    0.588323] NFS: Registering the id_resolver key type
[    0.590035] Key type id_resolver registered
[    0.591352] Key type id_legacy registered
[    0.592652] 9p: Installing v9fs 9p2000 file system support
[    0.608492] Key type asymmetric registered
[    0.609261] Asymmetric key parser 'x509' registered
[    0.610106] Block layer SCSI generic (bsg) driver version 0.4 loaded (major 251)
[    0.611623] io scheduler mq-deadline registered
[    0.612887] io scheduler kyber registered
[    0.614219] input: Power Button as /devices/LNXSYSTM:00/LNXPWRBN:00/input/input0
[    0.616295] ACPI: button: Power Button [PWRF]
[    0.617717] Serial: 8250/16550 driver, 4 ports, IRQ sharing enabled
[    0.619170] 00:04: ttyS0 at I/O 0x3f8 (irq = 4, base_baud = 115200) is a 16550A
[    0.621291] Non-volatile memory driver v1.3
[    0.622105] Linux agpgart interface v0.103
[    0.622956] ACPI: bus type drm_connector registered
[    0.625651] loop: module loaded
[    0.626266] my_rng_driver loaded, registered ioctls 0x80047101 (get a random number) and 0x40047101 (seed the generator) 
[    0.628258] ata_piix 0000:00:01.1: version 2.13
[    0.629901] scsi host0: ata_piix
[    0.630636] scsi host1: ata_piix
[    0.631243] ata1: PATA max MWDMA2 cmd 0x1f0 ctl 0x3f6 bmdma 0xc080 irq 14 lpm-pol 0
[    0.632863] ata2: PATA max MWDMA2 cmd 0x170 ctl 0x376 bmdma 0xc088 irq 15 lpm-pol 0
[    0.634489] e100: Intel(R) PRO/100 Network Driver
[    0.635525] e100: Copyright(c) 1999-2006 Intel Corporation
[    0.636596] e1000: Intel(R) PRO/1000 Network Driver
[    0.637509] e1000: Copyright (c) 1999-2006 Intel Corporation.
[    0.651743] ACPI: \_SB_.LNKC: Enabled at IRQ 11
[    0.793070] ata2: found unknown device (class 0)
[    0.794385] ata1: found unknown device (class 0)
[    0.795931] ata1.00: ATA-7: QEMU HARDDISK, 2.5+, max UDMA/100
[    0.797059] ata1.00: 15728640 sectors, multi 16: LBA48 
[    0.798568] ata2.00: ATAPI: QEMU DVD-ROM, 2.5+, max UDMA/100
[    0.800880] scsi 0:0:0:0: Direct-Access     ATA      QEMU HARDDISK    2.5+ PQ: 0 ANSI: 5
[    0.803024] sd 0:0:0:0: Attached scsi generic sg0 type 0
[    0.804356] sd 0:0:0:0: [sda] 15728640 512-byte logical blocks: (8.05 GB/7.50 GiB)
[    0.806255] sd 0:0:0:0: [sda] Write Protect is off
[    0.807448] sd 0:0:0:0: [sda] Mode Sense: 00 3a 00 00
[    0.808979] sd 0:0:0:0: [sda] Write cache: enabled, read cache: enabled, doesn't support DPO or FUA
[    0.811175] scsi 1:0:0:0: CD-ROM            QEMU     QEMU DVD-ROM     2.5+ PQ: 0 ANSI: 5
[    0.813557] sd 0:0:0:0: [sda] Preferred minimum I/O size 512 bytes
[    0.819326]  sda: sda1 sda14 sda15 sda16
[    0.820604] sd 0:0:0:0: [sda] Attached SCSI disk
[    0.833381] sr 1:0:0:0: [sr0] scsi3-mmc drive: 4x/4x cd/rw xa/form2 tray
[    0.834935] cdrom: Uniform CD-ROM driver Revision: 3.20
[    0.846726] sr 1:0:0:0: Attached scsi CD-ROM sr0
[    0.848271] sr 1:0:0:0: Attached scsi generic sg1 type 5
[    0.973734] e1000 0000:00:03.0 eth0: (PCI:33MHz:32-bit) 52:54:00:12:34:56
[    0.974811] e1000 0000:00:03.0 eth0: Intel(R) PRO/1000 Network Connection
[    0.987908] ACPI: \_SB_.LNKD: Enabled at IRQ 10
[    1.300731] e1000 0000:00:04.0 eth1: (PCI:33MHz:32-bit) 52:54:00:12:34:57
[    1.302221] e1000 0000:00:04.0 eth1: Intel(R) PRO/1000 Network Connection
[    1.303310] e1000e: Intel(R) PRO/1000 Network Driver
[    1.304056] e1000e: Copyright(c) 1999 - 2015 Intel Corporation.
[    1.304943] sky2: driver version 1.30
[    1.305863] usbcore: registered new interface driver usblp
[    1.306825] usbcore: registered new interface driver usb-storage
[    1.307838] i8042: PNP: PS/2 Controller [PNP0303:KBD,PNP0f13:MOU] at 0x60,0x64 irq 1,12
[    1.312925] serio: i8042 KBD port at 0x60,0x64 irq 1
[    1.313796] serio: i8042 AUX port at 0x60,0x64 irq 12
[    1.315442] input: AT Translated Set 2 keyboard as /devices/platform/i8042/serio0/input/input1
[    1.315771] rtc_cmos 00:05: RTC can wake from S4
[    1.318783] rtc_cmos 00:05: registered as rtc0
[    1.319974] rtc_cmos 00:05: alarms up to one day, y3k, 242 bytes nvram, hpet irqs
[    1.321830] device-mapper: ioctl: 4.48.0-ioctl (2023-03-01) initialised: dm-devel@redhat.com
[    1.323244] intel_pstate: CPU model not supported
[    1.324071] hid: raw HID events driver (C) Jiri Kosina
[    1.325113] usbcore: registered new interface driver usbhid
[    1.326055] usbhid: USB HID core driver
[    1.327571] Initializing XFRM netlink socket
[    1.328383] NET: Registered PF_INET6 protocol family
[    1.329593] Segment Routing with IPv6
[    1.330286] In-situ OAM (IOAM) with IPv6
[    1.330975] sit: IPv6, IPv4 and MPLS over IPv4 tunneling driver
[    1.332073] NET: Registered PF_PACKET protocol family
[    1.332937] 9pnet: Installing 9P2000 support
[    1.333658] Key type dns_resolver registered
[    1.334641] IPI shorthand broadcast: enabled
[    1.337707] sched_clock: Marking stable (1194003491, 143693634)->(1343633398, -5936273)
[    1.339159] registered taskstats version 1
[    1.339855] Loading compiled-in X.509 certificates
[    1.341994] PM:   Magic number: 1:598:503
[    1.342748] printk: legacy console [netcon0] enabled
[    1.343570] netconsole: network logging started
[    1.344399] cfg80211: Loading compiled-in X.509 certificates for regulatory database
[    1.345797] kworker/u4:1 (54) used greatest stack depth: 14488 bytes left
[    1.347801] Loaded X.509 cert 'sforshee: 00b28ddf47aef9cea7'
[    1.348967] Loaded X.509 cert 'wens: 61c038651aabdcf94bd0ac7ff06c7248db18c600'
[    1.350854] platform regulatory.0: Direct firmware load for regulatory.db failed with error -2
[    1.351737] ALSA device list:
[    1.353030] cfg80211: failed to load regulatory.db
[    1.353775]   No soundcards found.
[    1.956598] input: ImExPS/2 Generic Explorer Mouse as /devices/platform/i8042/serio1/input/input3
[    1.958250] md: Waiting for all devices to be available before autodetect
[    1.959159] md: If you don't use raid, use raid=noautodetect
[    1.959912] md: Autodetecting RAID arrays.
[    1.960450] md: autorun ...
[    1.960826] md: ... autorun DONE.
[    1.967575] EXT4-fs (sda1): mounted filesystem e4cd6da8-09cb-4378-9577-e2053726667f r/w with ordered data mode. Quota mode: none.
[    1.969263] VFS: Mounted root (ext4 filesystem) on device 8:1.
[    1.970504] devtmpfs: mounted
[    1.971371] Freeing unused kernel image (initmem) memory: 2672K
[    1.973796] Write protecting the kernel read-only data: 26624k
[    1.975570] Freeing unused kernel image (rodata/data gap) memory: 1572K
[    2.045164] x86/mm: Checked W+X mappings: passed, no W+X pages found.
[    2.046024] x86/mm: Checking user space page tables
[    2.109017] x86/mm: Checked W+X mappings: passed, no W+X pages found.
[    2.109722] Run /sbin/init as init process
[    2.110150]   with arguments:
[    2.110472]     /sbin/init
[    2.110764]     nokaslr
[    2.111024]   with environment:
[    2.111357]     HOME=/
[    2.111614]     TERM=linux
[    2.239060] systemd[1]: Setting '/proc/sys/kernel/printk_devkmsg' to 'on'
SELinux:  Could not open policy file <= /etc/selinux/targeted/policy/policy.33:  No such file or directory
[    2.249526] systemd[1]: Unable to load SELinux policy. Ignoring.
[    2.251234] systemd[1]: Smack is not enabled in the kernel.
[    2.252016] systemd[1]: AppArmor either not supported by the kernel or disabled.
[    2.253934] systemd[1]: IMA support is disabled in the kernel, ignoring: No such file or directory
[    2.257862] systemd[1]: Virtualization QEMU found in DMI (/sys/class/dmi/id/sys_vendor)
[    2.258988] systemd[1]: UML virtualization not found in /proc/cpuinfo.
[    2.259870] systemd[1]: Virtualization XEN not found, /proc/xen does not exist
[    2.260836] systemd[1]: Virtualization found, CPUID=KVMKVMKVM
[    2.262303] systemd[1]: Found VM virtualization kvm
[    2.279081] systemd[1]: Loading module: qemu_fw_cfg
[    2.279771] systemd[1]: Failed to find module 'qemu_fw_cfg'
[    2.280468] systemd[1]: Loading module: dmi-sysfs
[    2.281061] systemd[1]: Failed to find module 'dmi-sysfs'
[    2.283633] systemd[1]: Mounting securityfs to /sys/kernel/security of type securityfs with options n/a.
[    2.284814] systemd[1]: Mounting securityfs (securityfs) on /sys/kernel/security (MS_NOSUID|MS_NODEV|MS_NOEXEC "")...
[    2.286121] systemd[1]: Failed to mount securityfs (type securityfs) on /sys/kernel/security (MS_NOSUID|MS_NODEV|MS_NOEXEC ""): No such file or directory
[    2.287859] systemd[1]: Mounting tmpfs to /dev/shm of type tmpfs with options mode=01777.
[    2.288991] systemd[1]: Mounting tmpfs (tmpfs) on /dev/shm (MS_NOSUID|MS_NODEV|MS_STRICTATIME "mode=01777")...
[    2.290431] systemd[1]: Mounting devpts to /dev/pts of type devpts with options mode=0620,gid=5.
[    2.291634] systemd[1]: Mounting devpts (devpts) on /dev/pts (MS_NOSUID|MS_NOEXEC "mode=0620,gid=5")...
[    2.292894] systemd[1]: Mounting tmpfs to /run of type tmpfs with options mode=0755,size=20%,nr_inodes=800k.
[    2.294152] systemd[1]: Mounting tmpfs (tmpfs) on /run (MS_NOSUID|MS_NODEV|MS_STRICTATIME "mode=0755,size=20%,nr_inodes=800k")...
[    2.295709] systemd[1]: Mounting tmpfs to /run/lock of type tmpfs with options mode=1777,size=5242880.
[    2.296903] systemd[1]: Mounting tmpfs (tmpfs) on /run/lock (MS_NOSUID|MS_NODEV|MS_NOEXEC "mode=1777,size=5242880")...
[    2.298314] systemd[1]: No filesystem is currently mounted on /sys/fs/cgroup.
[    2.299412] systemd[1]: Mounting cgroup2 to /sys/fs/cgroup of type cgroup2 with options nsdelegate,memory_recursiveprot.
[    2.300827] systemd[1]: Mounting cgroup2 (cgroup2) on /sys/fs/cgroup (MS_NOSUID|MS_NODEV|MS_NOEXEC "nsdelegate,memory_recursiveprot")...
[    2.302475] systemd[1]: Found cgroup2 on /sys/fs/cgroup/, full unified hierarchy
[    2.303433] systemd[1]: Found cgroup2 on /sys/fs/cgroup/, full unified hierarchy
[    2.304419] systemd[1]: Mounting pstore to /sys/fs/pstore of type pstore with options n/a.
[    2.305480] systemd[1]: Mounting pstore (pstore) on /sys/fs/pstore (MS_NOSUID|MS_NODEV|MS_NOEXEC "")...
[    2.306682] systemd[1]: Failed to mount pstore (type pstore) on /sys/fs/pstore (MS_NOSUID|MS_NODEV|MS_NOEXEC ""): No such file or directory
[    2.308293] systemd[1]: Mounting bpf to /sys/fs/bpf of type bpf with options mode=0700.
[    2.309317] systemd[1]: Mounting bpf (bpf) on /sys/fs/bpf (MS_NOSUID|MS_NODEV|MS_NOEXEC "mode=0700")...
[    2.310522] systemd[1]: Failed to mount bpf (type bpf) on /sys/fs/bpf (MS_NOSUID|MS_NODEV|MS_NOEXEC "mode=0700"): No such file or directory
[    2.315197] systemd[1]: Reading EFI variable /sys/firmware/efi/efivars/SystemdOptions-8cf2644b-4b0b-428f-9387-6d876050dc67.
[    2.316656] systemd[1]: open("/sys/firmware/efi/efivars/SystemdOptions-8cf2644b-4b0b-428f-9387-6d876050dc67") failed: No such file or directory
[    2.320537] systemd[1]: systemd 255.4-1ubuntu8.8 running in system mode (+PAM +AUDIT +SELINUX +APPARMOR +IMA +SMACK +SECCOMP +GCRYPT -GNUTLS +OPENSSL +ACL +BLKID +CURL +ELFUTILS +FIDO2 +IDN2 -IDN +IPTC +KMOD +LIBCRYPTSETUP +LIBFDISK +PCRE2 -PWQUALITY +P11KIT +QRENCODE +TPM2 +BZIP2 +LZ4 +XZ +ZLIB +ZSTD -BPF_FRAMEWORK -XKBCOMMON +UTMP +SYSVINIT default-hierarchy=unified)
[    2.324551] systemd[1]: Detected virtualization kvm.
[    2.325164] systemd[1]: CPUID func 1 0
[    2.325635] systemd[1]: CPUID result 60fb1 20800 80202001 178bfbfd
[    2.326393] systemd[1]: CPUID is hypervisor: yes
[    2.326969] systemd[1]: CPUID func 0 0
[    2.327442] systemd[1]: CPUID result d 756e6547 6c65746e 49656e69
[    2.328230] systemd[1]: CPUID sig 'GenuineIntel'
[    2.328828] systemd[1]: CPUID func 80000000 0
[    2.329365] systemd[1]: CPUID result 8000000a 756e6547 6c65746e 49656e69
[    2.330181] systemd[1]: CPUID func 21 0
[    2.330667] systemd[1]: CPUID result 0 0 0 0
[    2.331236] systemd[1]: CPUID sig ''
[    2.331762] systemd[1]: Detected architecture x86-64.
[    2.332794] systemd[1]: Detected initialized system, this is not the first boot.
[    2.333924] systemd[1]: Kernel version 6.8.0-00010-ga25ab8b73ee2, our baseline is 4.15
[    2.335420] systemd[1]: No credentials passed via fw_cfg.
[    2.336187] systemd[1]: Failed to open '/sys/firmware/dmi/entries/11-0/raw', ignoring: No such file or directory
[    2.337619] systemd[1]: No credentials passed from initrd.
[    2.338478] systemd[1]: Acquired 0 regular credentials, 0 untrusted credentials.

Welcome to [1mUbuntu 24.04.2 LTS[0m!

[    2.342558] ext4lazyinit (59) used greatest stack depth: 14296 bytes left
[    2.345219] systemd[1]: Hostname set to <ubuntu-lkp>.
[    2.351713] systemd[1]: Successfully added address 127.0.0.1 to loopback interface
[    2.353263] systemd[1]: Successfully added address ::1 to loopback interface
[    2.354273] systemd[1]: Successfully brought loopback interface up
[    2.355224] systemd[1]: Setting '/proc/sys/net/unix/max_dgram_qlen' to '512'
[    2.356263] systemd[1]: Setting '/proc/sys/fs/file-max' to '9223372036854775807'
[    2.360627] systemd[1]: Found cgroup2 on /sys/fs/cgroup/, full unified hierarchy
[    2.362209] systemd[1]: Unified cgroup hierarchy is located at /sys/fs/cgroup.
[    2.371756] systemd[1]: bpf-firewall: Can't load kernel CGROUP SKB BPF program, BPF firewalling is not supported: Function not implemented
[    2.374635] systemd[1]: Can't load kernel CGROUP DEVICE BPF program, BPF device control is not supported: Function not implemented
[    2.376898] systemd[1]: Controller 'cpu' supported: yes
[    2.377607] systemd[1]: Controller 'cpuacct' supported: no
[    2.378343] systemd[1]: Controller 'cpuset' supported: yes
[    2.379086] systemd[1]: Controller 'io' supported: yes
[    2.379772] systemd[1]: Controller 'blkio' supported: no
[    2.380472] systemd[1]: Controller 'memory' supported: no
[    2.381195] systemd[1]: Controller 'devices' supported: no
[    2.381962] systemd[1]: Controller 'pids' supported: yes
[    2.382721] systemd[1]: Controller 'bpf-firewall' supported: no
[    2.383565] systemd[1]: Controller 'bpf-devices' supported: no
[    2.384402] systemd[1]: Controller 'bpf-foreign' supported: yes
[    2.385618] systemd[1]: Controller 'bpf-socket-bind' supported: no
[    2.386492] systemd[1]: Controller 'bpf-restrict-network-interfaces' supported: no
[    2.387629] systemd[1]: Set up TFD_TIMER_CANCEL_ON_SET timerfd.
[    2.390272] systemd[1]: Failed to establish memory pressure event source, ignoring: Operation not supported
[    2.391758] systemd[1]: Enabling (yes) showing of status (command line).
[    2.393274] systemd[1]: Serializing system-environment-generators to memfd.
[    2.394405] systemd[1]: Successfully forked off '(sd-exec-strv)' as PID 60.
[    2.395830] (sd-exec-s[60]: Serializing snapd-env-generator to memfd.
[    2.397332] (sd-exec-s[60]: About to execute /usr/lib/systemd/system-environment-generators/snapd-env-generator
[    2.399564] (sd-exec-s[60]: Successfully forked off '(direxec)' as PID 61.
[    2.402089] snapd-env-gener (61) used greatest stack depth: 13192 bytes left
[    2.402116] (sd-exec-s[60]: /usr/lib/systemd/system-environment-generators/snapd-env-generator succeeded.
[    2.405025] systemd[1]: (sd-exec-strv) succeeded.
[    2.405956] systemd[1]: Successfully forked off '(sd-gens)' as PID 62.
[    2.407341] (sd-gens)[62]: File '/etc/systemd/system-generators/systemd-gpt-auto-generator' is a mask.
[    2.409047] (sd-gens)[62]: File '/usr/lib/systemd/system-generators/systemd-gpt-auto-generator' is masked by previous entry.
[    2.412146] (sd-gens)[62]: Successfully forked off '(sd-exec-strv)' as PID 63.
[    2.412509] (sd-exec-[63]: About to execute /usr/lib/systemd/system-generators/cloud-init-generator (null)
[    2.415471] (sd-exec-[63]: Successfully forked off '(direxec)' as PID 64.
[    2.417106] (sd-exec-[63]: About to execute /usr/lib/systemd/system-generators/friendly-recovery (null)
[    2.419880] (sd-exec-[63]: Successfully forked off '(direxec)' as PID 65.
[    2.421607] (sd-exec-[63]: About to execute /usr/lib/systemd/system-generators/netplan (null)
[    2.423790] (sd-exec-[63]: Successfully forked off '(direxec)' as PID 66.
[    2.425470] (sd-exec-[63]: About to execute /usr/lib/systemd/system-generators/snapd-generator (null)
[    2.427921] (sd-exec-[63]: Successfully forked off '(direxec)' as PID 69.
[    2.429645] (sd-exec-[63]: About to execute /usr/lib/systemd/system-generators/sshd-socket-generator (null)
[    2.432230] (sd-exec-[63]: Successfully forked off '(direxec)' as PID 70.
[    2.434327] (sd-exec-[63]: About to execute /usr/lib/systemd/system-generators/systemd-cryptsetup-generator (null)
[    2.437199] (sd-exec-[63]: Successfully forked off '(direxec)' as PID 71.
[    2.439435] (sd-exec-[63]: About to execute /usr/lib/systemd/system-generators/systemd-debug-generator (null)
[    2.442157] snapd-generator (69) used greatest stack depth: 13136 bytes left
[    2.442874] (sd-exec-[63]: Successfully forked off '(direxec)' as PID 72.
[    2.445994] (sd-exec-[63]: About to execute /usr/lib/systemd/system-generators/systemd-fstab-generator (null)
[    2.449007] (sd-exec-[63]: Successfully forked off '(direxec)' as PID 73.
[    2.450633] (sd-exec-[63]: About to execute /usr/lib/systemd/system-generators/systemd-getty-generator (null)
[    2.452976] (sd-exec-[63]: Successfully forked off '(direxec)' as PID 74.
[    2.454628] (sd-exec-[63]: About to execute /usr/lib/systemd/system-generators/systemd-hibernate-resume-generator (null)
[    2.457685] (sd-exec-[63]: Successfully forked off '(direxec)' as PID 75.
[    2.459746] (sd-exec-[63]: About to execute /usr/lib/systemd/system-generators/systemd-integritysetup-generator (null)
[    2.462821] (sd-exec-[63]: Successfully forked off '(direxec)' as PID 76.
[    2.464819] (sd-exec-[63]: About to execute /usr/lib/systemd/system-generators/systemd-rc-local-generator (null)
[    2.467842] (sd-exec-[63]: Successfully forked off '(direxec)' as PID 77.
[    2.470474] (sd-exec-[63]: About to execute /usr/lib/systemd/system-generators/systemd-run-generator (null)
[    2.476055] systemd-fstab-generator[73]: Parsing /etc/fstab...
[    2.478377] systemd-getty-generator[74]: Automatically adding serial getty for /dev/ttyS0.
[    2.479010] (sd-exec-[63]: Successfully forked off '(direxec)' as PID 78.
[    2.482247] (sd-exec-[63]: About to execute /usr/lib/systemd/system-generators/systemd-system-update-generator (null)
[    2.484819] (sd-exec-[63]: Successfully forked off '(direxec)' as PID 79.
[    2.485047] systemd-rc-local-generator[77]: /etc/rc.local does not exist, skipping.
[    2.486477] (sd-exec-[63]: About to execute /usr/lib/systemd/system-generators/systemd-sysv-generator (null)
[    2.489809] (sd-exec-[63]: Successfully forked off '(direxec)' as PID 80.
[    2.492123] (sd-exec-[63]: About to execute /usr/lib/systemd/system-generators/systemd-veritysetup-generator (null)
[    2.496566] (sd-exec-[63]: Successfully forked off '(direxec)' as PID 81.
[    2.498776] systemd-fstab-generator[73]: Found entry what=/dev/disk/by-label/cloudimg-rootfs where=/ type=ext4 makefs=no growfs=no pcrfs=no noauto=no nofail=no
[    2.501798] systemd-hibernate-resume-generator[75]: Not running in initrd, exiting.
[    2.512019] systemd-fstab-generator[73]: Found entry what=/dev/disk/by-label/BOOT where=/boot type=ext4 makefs=no growfs=no pcrfs=no noauto=no nofail=no
[    2.515972] systemd-hiberna (75) used greatest stack depth: 13096 bytes left
[    2.516233] (sd-exec-[63]: /usr/lib/systemd/system-generators/systemd-system-update-generator succeeded.
[    2.519728] (sd-exec-[63]: /usr/lib/systemd/system-generators/systemd-integritysetup-generator succeeded.
[    2.523000] systemd-fstab-generator[73]: Found entry what=/dev/disk/by-label/UEFI where=/boot/efi type=vfat makefs=no growfs=no pcrfs=no noauto=no nofail=no
[    2.535257] systemd-sysv-generator[80]: Native unit for plymouth-log.service already exists, skipping.
[    2.549554] systemd-sysv-generator[80]: Native unit for cron.service already exists, skipping.
[    2.553874] systemd-sysv-generator[80]: Native unit for kmod.service already exists, skipping.
[    2.556307] systemd-sysv-generator[80]: Native unit for ssh.service already exists, skipping.
[    2.558343] systemd-sysv-generator[80]: Native unit for apparmor.service already exists, skipping.
[    2.560659] systemd-sysv-generator[80]: Native unit for console-setup.service already exists, skipping.
[    2.561008] (sd-exec-[63]: /usr/lib/systemd/system-generators/friendly-recovery succeeded.
[    2.562544] systemd-sysv-generator[80]: Native unit for open-iscsi.service already exists, skipping.
[    2.565299] (sd-exec-[63]: /usr/lib/systemd/system-generators/systemd-rc-local-generator succeeded.
[    2.566854] systemd-sysv-generator[80]: Native unit for rsync.service already exists, skipping.
[    2.570171] systemd-sysv-generator[80]: Native unit for sysstat.service already exists, skipping.
[    2.572107] systemd-sysv-generator[80]: Native unit for grub-common.service already exists, skipping.
[    2.574420] systemd-sysv-generator[80]: Linked unit file: /usr/lib/systemd/system/cryptdisks-early.service → /dev/null
[    2.576829] systemd-sysv-generator[80]: Native unit for cryptdisks-early.service already exists, skipping.
[    2.580031] systemd-sysv-generator[80]: Native unit for dbus.service already exists, skipping.
[    2.582473] systemd-sysv-generator[80]: Linked unit file: /usr/lib/systemd/system/screen-cleanup.service → /dev/null
[    2.585214] systemd-sysv-generator[80]: Native unit for screen-cleanup.service already exists, skipping.
[    2.588093] systemd-sysv-generator[80]: Native unit for unattended-upgrades.service already exists, skipping.
[    2.593743] systemd-sysv-generator[80]: Native unit for apport.service already exists, skipping.
[    2.597031] systemd-sysv-generator[80]: Native unit for keyboard-setup.service already exists, skipping.
[    2.599377] systemd-sysv-generator[80]: Linked unit file: /usr/lib/systemd/system/cryptdisks.service → /dev/null
[    2.601298] systemd-sysv-generator[80]: Native unit for cryptdisks.service already exists, skipping.
[    2.603547] systemd-sysv-generator[80]: Native unit for iscsid.service already exists, skipping.
[    2.605979] systemd-sysv-generator[80]: Native unit for plymouth.service already exists, skipping.
[    2.607799] systemd-sysv-generator[80]: Native unit for ufw.service already exists, skipping.
[    2.609405] systemd-sysv-generator[80]: Native unit for uuidd.service already exists, skipping.
[    2.611841] systemd-sysv-generator[80]: Native unit for procps.service already exists, skipping.
[    2.613824] systemd-sysv-generator[80]: Native unit for open-vm-tools.service already exists, skipping.
[    2.616878] systemd-sysv-generator[80]: Ignoring S01ssh symlink in rc2.d, not generating ssh.service.
[    2.618502] systemd-sysv-generator[80]: Ignoring S01console-setup.sh symlink in rc2.d, not generating console-setup.service.
[    2.620612] systemd-sysv-generator[80]: Ignoring S01uuidd symlink in rc2.d, not generating uuidd.service.
[    2.622595] systemd-sysv-generator[80]: Ignoring S01sysstat symlink in rc2.d, not generating sysstat.service.
[    2.624589] systemd-sysv-generator[80]: Ignoring S01unattended-upgrades symlink in rc2.d, not generating unattended-upgrades.service.
[    2.626830] systemd-sysv-generator[80]: Ignoring S01rsync symlink in rc2.d, not generating rsync.service.
[    2.628152] systemd-sysv-generator[80]: Ignoring S01open-vm-tools symlink in rc2.d, not generating open-vm-tools.service.
[    2.629668] systemd-sysv-generator[80]: Ignoring S01cron symlink in rc2.d, not generating cron.service.
[    2.630974] systemd-sysv-generator[80]: Ignoring S01grub-common symlink in rc2.d, not generating grub-common.service.
[    2.632664] systemd-sysv-generator[80]: Ignoring S01apport symlink in rc2.d, not generating apport.service.
[    2.634224] systemd-sysv-generator[80]: Ignoring S01dbus symlink in rc2.d, not generating dbus.service.
[    2.635734] systemd-sysv-generator[80]: Ignoring S01plymouth symlink in rc2.d, not generating plymouth.service.
[    2.637727] systemd-sysv-generator[80]: Ignoring S01ssh symlink in rc3.d, not generating ssh.service.
[    2.639223] systemd-sysv-generator[80]: Ignoring S01console-setup.sh symlink in rc3.d, not generating console-setup.service.
[    2.641024] systemd-sysv-generator[80]: Ignoring S01uuidd symlink in rc3.d, not generating uuidd.service.
[    2.642605] systemd-sysv-generator[80]: Ignoring S01sysstat symlink in rc3.d, not generating sysstat.service.
[    2.644237] systemd-sysv-generator[80]: Ignoring S01unattended-upgrades symlink in rc3.d, not generating unattended-upgrades.service.
[    2.646207] systemd-sysv-generator[80]: Ignoring S01rsync symlink in rc3.d, not generating rsync.service.
[    2.647791] systemd-sysv-generator[80]: Ignoring S01open-vm-tools symlink in rc3.d, not generating open-vm-tools.service.
[    2.649587] systemd-sysv-generator[80]: Ignoring S01cron symlink in rc3.d, not generating cron.service.
[    2.651150] systemd-sysv-generator[80]: Ignoring S01grub-common symlink in rc3.d, not generating grub-common.service.
[    2.652897] systemd-sysv-generator[80]: Ignoring S01apport symlink in rc3.d, not generating apport.service.
[    2.654509] systemd-sysv-generator[80]: Ignoring S01dbus symlink in rc3.d, not generating dbus.service.
[    2.656051] systemd-sysv-generator[80]: Ignoring S01plymouth symlink in rc3.d, not generating plymouth.service.
[    2.658013] systemd-sysv-generator[80]: Ignoring S01ssh symlink in rc4.d, not generating ssh.service.
[    2.659525] systemd-sysv-generator[80]: Ignoring S01console-setup.sh symlink in rc4.d, not generating console-setup.service.
[    2.661650] systemd-sysv-generator[80]: Ignoring S01uuidd symlink in rc4.d, not generating uuidd.service.
[    2.663624] systemd-sysv-generator[80]: Ignoring S01sysstat symlink in rc4.d, not generating sysstat.service.
[    2.665756] systemd-sysv-generator[80]: Ignoring S01unattended-upgrades symlink in rc4.d, not generating unattended-upgrades.service.
[    2.668362] systemd-sysv-generator[80]: Ignoring S01rsync symlink in rc4.d, not generating rsync.service.
[    2.670381] systemd-sysv-generator[80]: Ignoring S01open-vm-tools symlink in rc4.d, not generating open-vm-tools.service.
[    2.672617] systemd-sysv-generator[80]: Ignoring S01cron symlink in rc4.d, not generating cron.service.
[    2.674536] systemd-sysv-generator[80]: Ignoring S01grub-common symlink in rc4.d, not generating grub-common.service.
[    2.676712] systemd-sysv-generator[80]: Ignoring S01apport symlink in rc4.d, not generating apport.service.
[    2.678688] systemd-sysv-generator[80]: Ignoring S01dbus symlink in rc4.d, not generating dbus.service.
[    2.680758] systemd-sysv-generator[80]: Ignoring S01plymouth symlink in rc4.d, not generating plymouth.service.
[    2.682754] systemd-sysv-generator[80]: Ignoring S01ssh symlink in rc5.d, not generating ssh.service.
[    2.684062] systemd-sysv-generator[80]: Ignoring S01console-setup.sh symlink in rc5.d, not generating console-setup.service.
[    2.685618] systemd-sysv-generator[80]: Ignoring S01uuidd symlink in rc5.d, not generating uuidd.service.
[    2.686932] systemd-sysv-generator[80]: Ignoring S01sysstat symlink in rc5.d, not generating sysstat.service.
[    2.688296] systemd-sysv-generator[80]: Ignoring S01unattended-upgrades symlink in rc5.d, not generating unattended-upgrades.service.
[    2.689947] systemd-sysv-generator[80]: Ignoring S01rsync symlink in rc5.d, not generating rsync.service.
[    2.691265] systemd-sysv-generator[80]: Ignoring S01open-vm-tools symlink in rc5.d, not generating open-vm-tools.service.
[    2.692757] systemd-sysv-generator[80]: Ignoring S01cron symlink in rc5.d, not generating cron.service.
[    2.694054] systemd-sysv-generator[80]: Ignoring S01grub-common symlink in rc5.d, not generating grub-common.service.
[    2.695520] systemd-sysv-generator[80]: Ignoring S01apport symlink in rc5.d, not generating apport.service.
[    2.696856] systemd-sysv-generator[80]: Ignoring S01dbus symlink in rc5.d, not generating dbus.service.
[    2.698149] systemd-sysv-generator[80]: Ignoring S01plymouth symlink in rc5.d, not generating plymouth.service.
[    2.700011] (sd-exec-[63]: /usr/lib/systemd/system-generators/systemd-sysv-generator succeeded.
[    2.701928] (sd-exec-[63]: /usr/lib/systemd/system-generators/systemd-cryptsetup-generator succeeded.
[    2.704175] (sd-exec-[63]: /usr/lib/systemd/system-generators/systemd-hibernate-resume-generator succeeded.
[    2.705792] (sd-exec-[63]: /usr/lib/systemd/system-generators/systemd-veritysetup-generator succeeded.
[    2.707314] (sd-exec-[63]: /usr/lib/systemd/system-generators/netplan succeeded.
[    2.708549] (sd-exec-[63]: /usr/lib/systemd/system-generators/systemd-fstab-generator succeeded.
[    2.709979] (sd-exec-[63]: /usr/lib/systemd/system-generators/snapd-generator succeeded.
[    2.818240] (sd-exec-[63]: /usr/lib/systemd/system-generators/cloud-init-generator succeeded.
[    2.819255] (sd-exec-[63]: /usr/lib/systemd/system-generators/systemd-debug-generator succeeded.
[    2.820194] (sd-exec-[63]: /usr/lib/systemd/system-generators/systemd-getty-generator succeeded.
[    2.821133] (sd-exec-[63]: /usr/lib/systemd/system-generators/systemd-run-generator succeeded.
[    2.822048] (sd-exec-[63]: /usr/lib/systemd/system-generators/sshd-socket-generator succeeded.
[    2.823119] (sd-gens)[62]: (sd-exec-strv) succeeded.
[    2.823931] systemd[1]: (sd-gens) succeeded.
[    2.824459] systemd[1]: Looking for unit files in (higher priority first):
[    2.825228] systemd[1]: 	/etc/systemd/system.control
[    2.825795] systemd[1]: 	/run/systemd/system.control
[    2.826358] systemd[1]: 	/run/systemd/transient
[    2.826894] systemd[1]: 	/run/systemd/generator.early
[    2.827492] systemd[1]: 	/etc/systemd/system
[    2.828013] systemd[1]: 	/etc/systemd/system.attached
[    2.828610] systemd[1]: 	/run/systemd/system
[    2.829139] systemd[1]: 	/run/systemd/system.attached
[    2.829755] systemd[1]: 	/run/systemd/generator
[    2.830313] systemd[1]: 	/usr/local/lib/systemd/system
[    2.830964] systemd[1]: 	/usr/lib/systemd/system
[    2.831546] systemd[1]: 	/run/systemd/generator.late
[    2.837511] systemd[1]: sd-device-enumerator: Failed to open directory /run/udev/tags/systemd, ignoring: No such file or directory
[    2.839001] systemd[1]: Modification times have changed, need to update cache.
[    2.840625] systemd[1]: unit_file_build_name_map: normal unit file: /run/systemd/system/netplan-ovs-cleanup.service
[    2.841917] systemd[1]: unit_file_build_name_map: normal unit file: /run/systemd/generator/-.mount
[    2.843011] systemd[1]: unit_file_build_name_map: normal unit file: /run/systemd/generator/boot.mount
[    2.844144] systemd[1]: unit_file_build_name_map: normal unit file: /run/systemd/generator/boot-efi.mount
[    2.845548] systemd[1]: Linked unit file: /usr/lib/systemd/system/hwclock.service → /dev/null
[    2.846606] systemd[1]: unit_file_build_name_map: normal unit file: /usr/lib/systemd/system/plymouth-start.service
[    2.847868] systemd[1]: unit_file_build_name_map: normal unit file: /usr/lib/systemd/system/systemd-localed.service
[    2.849130] systemd[1]: unit_file_build_name_map: normal unit file: /usr/lib/systemd/system/systemd-network-generator.service
[    2.850499] systemd[1]: unit_file_build_name_map: normal unit file: /usr/lib/systemd/system/ua-timer.service
[    2.851730] systemd[1]: unit_file_build_name_map: normal unit file: /usr/lib/systemd/system/iscsid.service
[    2.852906] systemd[1]: unit_file_build_name_map: normal unit file: /usr/lib/systemd/system/hybrid-sleep.target
[    2.854132] systemd[1]: unit_file_build_name_map: normal unit file: /usr/lib/systemd/system/snapd.snap-repair.service
[    2.855418] systemd[1]: unit_file_build_name_map: normal unit file: /usr/lib/systemd/system/xfs_scrub_fail@.service
[    2.856690] systemd[1]: unit_file_build_name_map: normal unit file: /usr/lib/systemd/system/ssh.socket
[    2.857950] systemd[1]: unit_file_build_name_map: normal unit file: /usr/lib/systemd/system/systemd-confext.service
[    2.859235] systemd[1]: unit_file_build_name_map: normal unit file: /usr/lib/systemd/system/initrd-root-fs.target
[    2.860549] systemd[1]: unit_file_build_name_map: normal unit file: /usr/lib/systemd/system/xfs_scrub_all.service
[    2.861856] systemd[1]: unit_file_build_name_map: normal unit file: /usr/lib/systemd/system/mdcheck_start.service
[    2.863177] systemd[1]: unit_file_build_name_map: normal unit file: /usr/lib/systemd/system/snapd.mounts-pre.target
[    2.864511] systemd[1]: unit_file_build_name_map: normal unit file: /usr/lib/systemd/system/systemd-random-seed.service
[    2.865882] systemd[1]: unit_file_build_name_map: normal unit file: /usr/lib/systemd/system/setvtrgb.service
[    2.867142] systemd[1]: unit_file_build_name_map: normal unit file: /usr/lib/systemd/system/kmod-static-nodes.service
[    2.868494] systemd[1]: unit_file_build_name_map: normal unit file: /usr/lib/systemd/system/sound.target
[    2.869704] systemd[1]: unit_file_build_name_map: normal unit file: /usr/lib/systemd/system/user@.service
[    2.870948] systemd[1]: unit_file_build_name_map: normal unit file: /usr/lib/systemd/system/systemd-fsckd.service
[    2.872337] systemd[1]: unit_file_build_name_map: normal unit file: /usr/lib/systemd/system/modprobe@.service
[    2.873638] systemd[1]: unit_file_build_name_map: normal unit file: /usr/lib/systemd/system/e2scrub_all.timer
[    2.875050] systemd[1]: unit_file_build_name_map: normal unit file: /usr/lib/systemd/system/lxd-agent.service
[    2.876418] systemd[1]: unit_file_build_name_map: normal unit file: /usr/lib/systemd/system/e2scrub_all.service
[    2.877805] systemd[1]: unit_file_build_name_map: normal unit file: /usr/lib/systemd/system/iscsid.socket
[    2.879052] systemd[1]: unit_file_build_name_map: normal unit file: /usr/lib/systemd/system/local-fs-pre.target
[    2.880341] systemd[1]: unit_file_build_name_map: normal unit file: /usr/lib/systemd/system/systemd-sysext.socket
[    2.881751] systemd[1]: unit_file_build_name_map: normal unit file: /usr/lib/systemd/system/fwupd-refresh.timer
[    2.883337] systemd[1]: unit_file_build_name_map: normal unit file: /usr/lib/systemd/system/sysstat-summary.service
[    2.884956] systemd[1]: unit_file_build_name_map: normal unit file: /usr/lib/systemd/system/systemd-hibernate.service
[    2.886593] systemd[1]: unit_file_build_name_map: normal unit file: /usr/lib/systemd/system/lvm2-lvmpolld.service
[    2.888161] systemd[1]: unit_file_build_name_map: normal unit file: /usr/lib/systemd/system/systemd-pcrlock-secureboot-policy.service
[    2.890008] systemd[1]: unit_file_build_name_map: normal unit file: /usr/lib/systemd/system/cloud-init.target
[    2.891294] systemd[1]: unit_file_build_name_map: normal unit file: /usr/lib/systemd/system/systemd-user-sessions.service
[    2.892700] systemd[1]: unit_file_build_name_map: normal unit file: /usr/lib/systemd/system/console-getty.service
[    2.894006] systemd[1]: unit_file_build_name_map: normal unit file: /usr/lib/systemd/system/e2scrub@.service
[    2.895259] systemd[1]: unit_file_build_name_map: normal unit file: /usr/lib/systemd/system/umount.target
[    2.896498] systemd[1]: unit_file_build_name_map: normal unit file: /usr/lib/systemd/system/proc-sys-fs-binfmt_misc.automount
[    2.897952] systemd[1]: unit_file_build_name_map: normal unit file: /usr/lib/systemd/system/systemd-pcrphase-sysinit.service
[    2.899381] systemd[1]: unit_file_build_name_map: normal unit file: /usr/lib/systemd/system/ua-reboot-cmds.service
[    2.900709] systemd[1]: unit_file_build_name_map: normal unit file: /usr/lib/systemd/system/lxd-installer@.service
[    2.902026] systemd[1]: unit_file_build_name_map: normal unit file: /usr/lib/systemd/system/update-notifier-motd.timer
[    2.903384] systemd[1]: unit_file_build_name_map: normal unit file: /usr/lib/systemd/system/systemd-fsckd.socket
[    2.904692] systemd[1]: unit_file_build_name_map: normal unit file: /usr/lib/systemd/system/suspend.target
[    2.905974] systemd[1]: unit_file_build_name_map: normal unit file: /usr/lib/systemd/system/systemd-sysupdate-reboot.timer
[    2.907369] systemd[1]: unit_file_build_name_map: normal unit file: /usr/lib/systemd/system/systemd-ask-password-console.service
[    2.908841] systemd[1]: unit_file_build_name_map: normal unit file: /usr/lib/systemd/system/systemd-journal-flush.service
[    2.910232] systemd[1]: unit_file_build_name_map: normal unit file: /usr/lib/systemd/system/getty@.service
[    2.911487] systemd[1]: unit_file_build_name_map: normal unit file: /usr/lib/systemd/system/initrd-fs.target
[    2.912742] systemd[1]: unit_file_build_name_map: normal unit file: /usr/lib/systemd/system/bluetooth.target
[    2.913994] systemd[1]: unit_file_build_name_map: normal unit file: /usr/lib/systemd/system/systemd-udevd.service
[    2.915297] systemd[1]: unit_file_build_name_map: normal unit file: /usr/lib/systemd/system/snapd.core-fixup.service
[    2.916644] systemd[1]: unit_file_build_name_map: normal unit file: /usr/lib/systemd/system/cloud-config.service
[    2.917942] systemd[1]: unit_file_build_name_map: normal unit file: /usr/lib/systemd/system/systemd-suspend.service
[    2.919265] systemd[1]: unit_file_build_name_map: normal unit file: /usr/lib/systemd/system/snapd.snap-repair.timer
[    2.920602] systemd[1]: unit_file_build_name_map: normal unit file: /usr/lib/systemd/system/soft-reboot.target
[    2.921879] systemd[1]: unit_file_build_name_map: normal unit file: /usr/lib/systemd/system/mdmon@.service
[    2.923103] systemd[1]: unit_file_build_name_map: normal unit file: /usr/lib/systemd/system/systemd-initctl.socket
[    2.924429] systemd[1]: unit_file_build_name_map: normal unit file: /usr/lib/systemd/system/hibernate.target
[    2.925723] systemd[1]: unit_file_build_name_map: normal unit file: /usr/lib/systemd/system/veritysetup.target
[    2.927016] systemd[1]: unit_file_build_name_map: normal unit file: /usr/lib/systemd/system/ssh.service
[    2.928268] systemd[1]: unit_file_build_name_map: normal unit file: /usr/lib/systemd/system/network-online.target
[    2.929802] systemd[1]: unit_file_build_name_map: normal unit file: /usr/lib/systemd/system/pollinate.service
[    2.931096] systemd[1]: unit_file_build_name_map: normal unit file: /usr/lib/systemd/system/systemd-journald-dev-log.socket
[    2.932569] systemd[1]: unit_file_build_name_map: normal unit file: /usr/lib/systemd/system/systemd-hwdb-update.service
[    2.933937] systemd[1]: unit_file_build_name_map: normal unit file: /usr/lib/systemd/system/systemd-volatile-root.service
[    2.935322] systemd[1]: unit_file_build_name_map: normal unit file: /usr/lib/systemd/system/systemd-journal-catalog-update.service
[    2.936817] systemd[1]: unit_file_build_name_map: normal unit file: /usr/lib/systemd/system/mdcheck_start.timer
[    2.938110] systemd[1]: unit_file_build_name_map: normal unit file: /usr/lib/systemd/system/multipathd.service
[    2.939412] systemd[1]: unit_file_build_name_map: normal unit file: /usr/lib/systemd/system/snapd.system-shutdown.service
[    2.940868] systemd[1]: Linked unit file: /usr/lib/systemd/system/cryptdisks.service → /dev/null
[    2.942024] systemd[1]: unit_file_build_name_map: normal unit file: /usr/lib/systemd/system/vgauth.service
[    2.943254] systemd[1]: unit_file_build_name_map: normal unit file: /usr/lib/systemd/system/systemd-pcrlock-firmware-config.service
[    2.944837] systemd[1]: unit_file_build_name_map: normal unit file: /usr/lib/systemd/system/cloud-init-hotplugd.socket
[    2.946208] systemd[1]: unit_file_build_name_map: normal unit file: /usr/lib/systemd/system/systemd-journald.socket
[    2.947545] systemd[1]: unit_file_build_name_map: normal unit file: /usr/lib/systemd/system/dpkg-db-backup.timer
[    2.948850] systemd[1]: unit_file_build_name_map: normal unit file: /usr/lib/systemd/system/suspend-then-hibernate.target
[    2.950237] systemd[1]: unit_file_build_name_map: normal unit file: /usr/lib/systemd/system/apt-daily.timer
[    2.951483] systemd[1]: unit_file_build_name_map: normal unit file: /usr/lib/systemd/system/motd-news.service
[    2.952745] systemd[1]: unit_file_build_name_map: normal unit file: /usr/lib/systemd/system/systemd-journald-audit.socket
[    2.954138] systemd[1]: unit_file_build_name_map: normal unit file: /usr/lib/systemd/system/systemd-sysusers.service
[    2.955478] systemd[1]: unit_file_build_name_map: normal unit file: /usr/lib/systemd/system/cron.service
[    2.956682] systemd[1]: unit_file_build_name_map: normal unit file: /usr/lib/systemd/system/networkd-dispatcher.service
[    2.958052] systemd[1]: unit_file_build_name_map: normal unit file: /usr/lib/systemd/system/systemd-timedated.service
[    2.959415] systemd[1]: unit_file_build_name_map: normal unit file: /usr/lib/systemd/system/systemd-quotacheck.service
[    2.960772] systemd[1]: unit_file_build_name_map: normal unit file: /usr/lib/systemd/system/factory-reset.target
[    2.962078] systemd[1]: unit_file_build_name_map: normal unit file: /usr/lib/systemd/system/systemd-update-utmp.service
[    2.963480] systemd[1]: unit_file_build_name_map: normal unit file: /usr/lib/systemd/system/veritysetup-pre.target
[    2.964827] systemd[1]: unit_file_build_name_map: normal unit file: /usr/lib/systemd/system/tpm-udev.service
[    2.966149] systemd[1]: unit_file_build_name_map: normal unit file: /usr/lib/systemd/system/lvm2-lvmpolld.socket
[    2.967466] systemd[1]: unit_file_build_name_map: normal unit file: /usr/lib/systemd/system/systemd-fsck@.service
[    2.968767] systemd[1]: Too many messages being logged to kmsg, ignoring
[[0;32m  OK  [0m] Created slice [0;1;39msystem-modprobe.slice[0m - Slice /system/modprobe.
[[0;32m  OK  [0m] Created slice [0;1;39msystem-serial\x2dget…slice[0m - Slice /system/serial-getty.
[[0;32m  OK  [0m] Created slice [0;1;39msystem-systemd\x2dfs…slice[0m - Slice /system/systemd-fsck.
[[0;32m  OK  [0m] Created slice [0;1;39muser.slice[0m - User and Session Slice.
[[0;32m  OK  [0m] Started [0;1;39msystemd-ask-password-wall.…[0md Requests to Wall Directory Watch.
[[0;32m  OK  [0m] Set up automount [0;1;39mproc-sys-fs-binfm…[0mormats File System Automount Point.
         Expecting device [0;1;39mdev-disk-by\x2dla…device[0m - /dev/disk/by-label/BOOT...
         Expecting device [0;1;39mdev-disk-by\x2dla…device[0m - /dev/disk/by-label/UEFI...
         Expecting device [0;1;39mdev-ttyS0.device[0m - /dev/ttyS0...
[[0;32m  OK  [0m] Reached target [0;1;39mintegritysetup.targ…[0m Local Integrity Protected Volumes.
[[0;32m  OK  [0m] Reached target [0;1;39mslices.target[0m - Slice Units.
[[0;32m  OK  [0m] Reached target [0;1;39msnapd.mounts-pre.target[0m - Mounting snaps.
[[0;32m  OK  [0m] Reached target [0;1;39msnapd.mounts.target[0m - Mounted snaps.
[[0;32m  OK  [0m] Reached target [0;1;39mswap.target[0m - Swaps.
[[0;32m  OK  [0m] Reached target [0;1;39mveritysetup.target[0m - Local Verity Protected Volumes.
[[0;32m  OK  [0m] Listening on [0;1;39mdm-event.socket[0m - Device-mapper event daemon FIFOs.
[[0;32m  OK  [0m] Listening on [0;1;39mlvm2-lvmpolld.socket[0m - LVM2 poll daemon socket.
[[0;32m  OK  [0m] Listening on [0;1;39mmultipathd.socket[0m - multipathd control socket.
[[0;32m  OK  [0m] Listening on [0;1;39msyslog.socket[0m - Syslog Socket.
[[0;32m  OK  [0m] Listening on [0;1;39msystemd-fsckd.socket[0m …fsck to fsckd communication Socket.
[[0;32m  OK  [0m] Listening on [0;1;39msystemd-initctl.socke…[0m- initctl Compatibility Named Pipe.
[[0;32m  OK  [0m] Listening on [0;1;39msystemd-journald-dev-…socket[0m - Journal Socket (/dev/log).
[[0;32m  OK  [0m] Listening on [0;1;39msystemd-journald.socket[0m - Journal Socket.
[[0;32m  OK  [0m] Listening on [0;1;39msystemd-networkd.socket[0m - Network Service Netlink Socket.
[[0;32m  OK  [0m] Listening on [0;1;39msystemd-udevd-control.socket[0m - udev Control Socket.
[[0;32m  OK  [0m] Listening on [0;1;39msystemd-udevd-kernel.socket[0m - udev Kernel Socket.
         Mounting [0;1;39mdev-hugepages.mount[0m - Huge Pages File System...
[    3.320793] (mount)[92]: Found cgroup2 on /sys/fs/cgroup/, full unified hierarchy
[    3.324324] (mount)[93]: Found cgroup2 on /sys/fs/cgroup/, full unified hierarchy
         Mountin[    3.334056] (mount)[92]: Found cgroup2 on /sys/fs/cgroup/, full unified hierarchy
g [0;1;39mdev-mqueue.mount[0m - POSIX Message Queue File System...[    3.337104] (mount)[93]: Found cgroup2 on /sys/fs/cgroup/, full unified hierarchy

         Mounting [0;1;39msys-kernel-debug.mount[0m - Kernel Debug File System...
         Mountin[    3.347040] (mount)[94]: Found cgroup2 on /sys/fs/cgroup/, full unified hierarchy
g [0;1;39msys-k[    3.348438] (mount)[94]: Found cgroup2 on /sys/fs/cgroup/, full unified hierarchy
ernel-tracing.mount[0m - Kernel Trace File System...
[    3.356457] (mount)[95]: Found cgroup2 on /sys/fs/cgroup/, full unified hierarchy
[    3.359072] (journald)[96]: Found cgroup2 on /sys/fs/cgroup/, full unified hierarchy
         Startin[    3.360311] (journald)[96]: Found cgroup2 on /sys/fs/cgroup/, full unified hierarchy
g [0;1;39msystemd-journald.service[0m - Journal Service...[    3.362972] (mount)[95]: Found cgroup2 on /sys/fs/cgroup/, full unified hierarchy
[    3.364670] (journald)[96]: systemd-journald.service: Enabled MemoryDenyWriteExecute= with PR_SET_MDWE

[    3.367814] (journald)[96]: Restricting namespace to: n/a.
[    3.376359] (setup.sh)[97]: Found cgroup2 on /sys/fs/cgroup/, full unified hierarchy
         Starting [0;1;39mkeyboard-setup.service[0m - Set the console keyboard layout...[    3.379952] (setup.sh)[97]: Found cgroup2 on /sys/fs/cgroup/, full unified hierarchy

         Starting [0;1;39mlvm2-monitor.service[0m - Mo…ing dmeventd or progress polling...
[    3.390013] (lvm)[98]: Found cgroup2 on /sys/fs/cgroup/, full unified hierarchy
         Starting [0;1;39mmodprobe@configfs.ser[    3.393695] systemd-journald[96]: Collecting audit messages is disabled.
vice[0m - Load [    3.394933] systemd-journald[96]: Failed to install memory pressure event source, ignoring: Operation not supported
Kernel Module configfs...[    3.396869] (lvm)[98]: Found cgroup2 on /sys/fs/cgroup/, full unified hierarchy
[    3.397718] systemd-journald[96]: Fixed min_use=7.9M max_use=39.5M max_size=4.9M min_size=512.0K keep_free=19.7M n_max_files=100

[    3.400907] (modprobe)[100]: Found cgroup2 on /sys/fs/cgroup/, full unified hierarchy
[    3.402716] systemd-journald[96]: Reserving 333 entries in field hash table.
         Starting [0;1;39mmodprobe@dm_mod.service[0m - Load Kernel Module dm_m[    3.405951] (modprobe)[100]: Found cgroup2 on /sys/fs/cgroup/, full unified hierarchy
od...[    3.407901] systemd-journald[96]: Reserving 9002 entries in data hash table.
[    3.409068] systemd-journald[96]: Journal effective settings seal=no keyed_hash=yes compress=ZSTD compress_threshold_bytes=512B
[    3.411351] systemd-journald[96]: Vacuuming...
[    3.411379] systemd-journald[96]: Vacuuming done, freed 0B of archived journals from /run/log/journal/8c28eec898cf4648aff51c73c87a7939.

[    3.411390] systemd-journald[96]: Flushing /dev/kmsg...
[    3.422521] (modprobe)[103]: Found cgroup2 on /sys/fs/cgroup/, full unified hierarchy
         Starting [0;1;39mmodprobe@drm.service[0m - Load Kernel Module drm...[    3.434624] (modprobe)[103]: Found cgroup2 on /sys/fs/cgroup/, full unified hierarchy

[    3.443316] (modprobe)[104]: Found cgroup2 on /sys/fs/cgroup/, full unified hierarchy
         Starting [0;1;39mmodprobe@efi_pstore.servi…[0m - Load Kernel Module efi_pstore...[    3.454775] (modprobe)[104]: Found cgroup2 on /sys/fs/cgroup/, full unified hierarchy

[    3.460915] (modprobe)[107]: Found cgroup2 on /sys/fs/cgroup/, full unified hierarchy
[    3.468204] (modprobe)[107]: Found cgroup2 on /sys/fs/cgroup/, full unified hierarchy
         Starting [0;1;39mmodprobe@fuse.service[0m - Load Kernel Module fuse...
[    3.480708] systemd-journald[96]: systemd-journald running as PID 96 for the system.
[    3.481986] (modprobe)[108]: Found cgroup2 on /sys/fs/cgroup/, full unified hierarchy
[    3.482449] systemd-journald[96]: Sent READY=1 notification.
[    3.484868] systemd-journald[96]: Sent WATCHDOG=1 notification.
[    3.486274] systemd-journald[96]: Successfully sent stream file descriptor to service manager.
[    3.488303] systemd-journald[96]: Successfully sent stream file descriptor to service manager.
[    3.490671] systemd-journald[96]: Successfully sent stream file descriptor to service manager.
[    3.492677] systemd-journald[96]: Successfully sent stream file descriptor to service manager.
[    3.494758] systemd-journald[96]: Successfully sent stream file descriptor to service manager.
[    3.494996] (modprobe)[108]: Found cgroup2 on /sys/fs/cgroup/, full unified hierarchy
[    3.496352] systemd-journald[96]: Successfully sent stream file descriptor to service manager.
[    3.497859] (modprobe)[109]: Found cgroup2 on /sys/fs/cgroup/, full unified hierarchy
[    3.499789] systemd-journald[96]: Successfully sent stream file descriptor to service manager.
[    3.502392] systemd-journald[96]: Successfully sent stream file descriptor to service manager.
[    3.502530] systemd-journald[96]: Successfully sent stream file descriptor to service manager.
[    3.502601] systemd-journald[96]: Successfully sent stream file descriptor to service manager.
[    3.502670] systemd-journald[96]: Successfully sent stream file descriptor to service manager.
[    3.506839] (modprobe)[109]: Found cgroup2 on /sys/fs/cgroup/, full unified hierarchy
[    3.506955] systemd-journald[96]: Successfully sent stream file descriptor to service manager.
         Starting [0;1;39mmodprobe@loop.service[0m - Load Kernel Module loop...
         Starting [0;1;39msystemd-modules-load.service[0m - Load Kernel Modules...
[    3.541295] (les-load)[110]: Found cgroup2 on /sys/fs/cgroup/, full unified hierarchy
[    3.547788] (les-load)[110]: Found cgroup2 on /sys/fs/cgroup/, full unified hierarchy
         Starting [0;1;39msystemd-remount-fs.servic…[0munt Root and Kernel F[    3.550182] systemd-journald[96]: Successfully sent stream file descriptor to service manager.
ile Systems...[    3.552763] random: crng init done
[    3.556746] (mount-fs)[111]: Found cgroup2 on /sys/fs/cgroup/, full unified hierarchy

         Starting [0;1;39msystemd-tmpfiles-setup-de…[0m Device Nodes in /dev[    3.565309] (mount-fs)[111]: Found cgroup2 on /sys/fs/cgroup/, full unified hierarchy
 gracefully...[    3.567035] systemd-journald[96]: Successfully sent stream file descriptor to service manager.
[    3.571506] (tmpfiles)[112]: Found cgroup2 on /sys/fs/cgroup/, full unified hierarchy

[    3.578845] (tmpfiles)[112]: Found cgroup2 on /sys/fs/cgroup/, full unified hierarchy
[    3.579422] systemd-journald[96]: Successfully sent stream file descriptor to service manager.
[    3.580613] (udevadm)[113]: Found cgroup2 on /sys/fs/cgroup/, full unified hierarchy
         Starting [0;1;39msystemd-udev-trigger.service[0m - Coldplug All udev Devices...
[    3.584820] (tmpfiles)[112]: Successfully forked off '(sd-mkdcreds)' as PID 114.
[    3.588001] (sd-mkdcre[114]: Changing mount propagation /dev (MS_REC|MS_SLAVE "")
[    3.589969] (udevadm)[113]: Found cgroup2 on /sys/fs/cgroup/, full unified hierarchy
[    3.590064] systemd-journald[96]: Successfully sent stream file descriptor to service manager.
[[0;32m  OK  [0m] Started [0;1;39msystemd-journald.service[0m - Journal Service.[    3.597809] (sd-mkdcre[114]: Mounting tmpfs (tmpfs) on /dev/shm (MS_NOSUID|MS_NODEV|MS_NOEXEC|MS_NOSYMFOLLOW "mode=0700,nr_inodes=1024,size=1048576,noswap")...

[    3.605682] (sd-mkdcre[114]: Credential search path is: /etc/credstore:/run/credstore:/usr/local/lib/credstore:/usr/lib/credstore
[[0;32m  OK  [0m] Mounted [0;1;39mdev-hugepages.mount[0m - Huge Pages File System.
[[0;32m  OK  [0m] Mounted [0;1;39mdev-mqueue.mount[0m - POSIX Message Queue File System.[    3.615600] (sd-mkdcre[114]: Credential search path is: /etc/credstore.encrypted:/run/credstore.encrypted:/usr/local/lib/credstore.encrypted:/usr/lib/credstore.encrypted

[[0;32m  OK  [0m] Mounted [0;1;39msys-kernel-debug.mount[0m - Kernel Debug File System.
[[0;32m  OK  [0m] Mounted [0;1;39msys-kernel-tracing.mount[0m - Kernel Trace File System.[    3.625054] (sd-mkdcre[114]: Umounting /dev/shm...

[    3.627128] (tmpfiles)[112]: (sd-mkdcreds) succeeded.
[[0;32m  OK  [0m] Finished [0;1;39mlvm2-monitor.service[0m - Mo…using dmeventd or progress polling.
[[0;32m  OK  [0m] Finished [0;1;39mmodprobe@configfs.service[0m - Load Kernel Module configfs.
[[0;32m  OK  [0m] Finished [0;1;39mmodprobe@dm_mod.service[0m - Load Kernel Module dm_mod.
[[0;32m  OK  [0m] Finished [0;1;39mmodprobe@drm.service[0m - Load Kernel Module drm.
[[0;32m  OK  [0m] Finished [0;1;39mkeyboard-setup.service[0m - Set the console keyboard layout.
[[0;32m  OK  [0m] Finished [0;1;39mmodprobe@efi_pstore.service[0m - Load Kernel Module efi_pstore.
[[0;32m  OK  [0m] Finished [0;1;39mmodprobe@fuse.service[0m - Load Kernel Module fuse.
[[0;32m  OK  [0m] Finished [0;1;39mmodprobe@loop.service[0m - Load Kernel Module loop.
[[0;32m  OK  [0m] Finished [0;1;39msystemd-modules-load.service[0m - Load Kernel Modules.
[[0;32m  OK  [0m] Finished [0;1;39msystemd-tmpfiles-setup-de…[0mic Device Nodes in /dev gracefully.
         Starting [0;1;39msystemd-sysctl.service[0m - Apply Kernel Variables...
[    3.717631] systemd-journald[96]: Successfully sent stream file descriptor to service manager.
[    3.719898] EXT4-fs (sda1): re-mounted e4cd6da8-09cb-4378-9577-e2053726667f r/w. Quota mode: none.
[[0;32m  OK  [0m] Finished [0;1;39msystemd-remount-fs.servic…[0mmount Root and Kernel File Systems.
         Starting [0;1;39mmultipathd.service[0m - Devi…pper Multipath Device Controller...
         Starting [0;1;39msystemd-journal-flush.ser…[0msh Journal to Persistent Storage...
         Starting [0;1;39msystemd-random-seed.service[0m - Load/Save OS Random Seed...
         Starting [0;1;39msystemd-tmpfiles-setup-de…[0meate Static Device Nodes in /dev...
[[0;32m  OK  [0m] Finished [0;1;39msystemd-sysctl.service[0m - Apply Kernel Variables.
[[0;32m  OK  [0m] Finished [0;1;39msystemd-tmpfiles-setup-de…[0mCreate Static Device Nodes in /dev.
[[0;32m  OK  [0m] Finished [0;1;39msystemd-random-seed.service[0m - Load/Save OS Random Seed.
[[0;1;31mFAILED[0m] Failed to start [0;1;39mmultipathd.service[0m…Mapper Multipath Device Controller.
See 'systemctl status multipathd.service' for details.
[[0;32m  OK  [0m] Finished [0;1;39msystemd-journal-flush.ser…[0mlush Journal to Persistent Storage.
[[0;32m  OK  [0m] Reached target [0;1;39mlocal-fs-pre.target[0m…Preparation for Local File Systems.
         Starting [0;1;39msystemd-udevd.service[0m - R…ager for Device Events and Files...
[[0;32m  OK  [0m] Finished [0;1;39msystemd-udev-trigger.service[0m - Coldplug All udev Devices.
[[0;32m  OK  [0m] Started [0;1;39msystemd-udevd.service[0m - Ru…anager for Device Events and Files.
[[0;32m  OK  [0m] Started [0;1;39msystemd-ask-password-conso…[0mequests to Console Directory Watch.
[[0;32m  OK  [0m] Reached target [0;1;39mcryptsetup.target[0m - Local Encrypted Volumes.
[[0;32m  OK  [0m] Found device [0;1;39mdev-ttyS0.device[0m - /dev/ttyS0.
         Starting [0;1;39mmultipathd.service[0m - Devi…pper Multipath Device Controller...
[[0;1;31mFAILED[0m] Failed to start [0;1;39mmultipathd.service[0m…Mapper Multipath Device Controller.
See 'systemctl status multipathd.service' for details.
         Starting [0;1;39mmultipathd.service[0m - Devi…pper Multipath Device Controller...
[[0;32m  OK  [0m] Found device [0;1;39mdev-disk-by\x2dlabel-BOOT.device[0m - QEMU_HARDDISK BOOT.
[[0;1;31mFAILED[0m] Failed to start [0;1;39mmultipathd.service[0m…Mapper Multipath Device Controller.
See 'systemctl status multipathd.service' for details.
[[0;32m  OK  [0m] Found device [0;1;39mdev-disk-by\x2dlabel-UEFI.device[0m - QEMU_HARDDISK UEFI.
[[0;32m  OK  [0m] Listening on [0;1;39msystemd-rfkill.socket[0m…ll Switch Status /dev/rfkill Watch.
         Starting [0;1;39mmultipathd.service[0m - Devi…pper Multipath Device Controller...
         Starting [0;1;39msystemd-fsck@dev-disk-by\…[0mCheck on /dev/disk/by-label/BOOT...
         Starting [0;1;39msystemd-fsck@dev-disk-by\…[0mCheck on /dev/disk/by-label/UEFI...
[[0;32m  OK  [0m] Started [0;1;39msystemd-fsckd.service[0m - Fi…stem Check Daemon to report status.
[[0;1;31mFAILED[0m] Failed to start [0;1;39mmultipathd.service[0m…Mapper Multipath Device Controller.
See 'systemctl status multipathd.service' for details.
         Starting [0;1;39mmultipathd.service[0m - Devi…pper Multipath Device Controller...
Checking in progress on 1 disk (0.0% complete)[[0;32m  OK  [0m] Finished [0;1;39msystemd-fsck@dev-disk-by\…[0mm Check on /dev/disk/by-label/BOOT.
         Mounting [0;1;39mboot.mount[0m - /boot...
Checking in progress on 0 disks (100.0% complete)[[0;1;31mFAILED[0m] Failed to start [0;1;39mmultipathd.service[0m…Mapper Multipath Device Controller.
See 'systemctl status multipathd.service' for details.
[[0;32m  OK  [0m] Finished [0;1;39msystemd-fsck@dev-disk-by\…[0mm Check on /dev/disk/by-label/UEFI.
[[0;32m  OK  [0m] Mounted [0;1;39mboot.mount[0m - /boot.
         Mounting [0;1;39mboot-efi.mount[0m - /boot/efi...
[[0;1;31mFAILED[0m] Failed to start [0;1;39mmultipathd.service[0m…Mapper Multipath Device Controller.
See 'systemctl status multipathd.service' for details.
[[0;32m  OK  [0m] Mounted [0;1;39mboot-efi.mount[0m - /boot/efi.
[[0;32m  OK  [0m] Reached target [0;1;39mlocal-fs.target[0m - Local File Systems.
[[0;32m  OK  [0m] Listening on [0;1;39msystemd-sysext.socket[0m…tension Image Management (Varlink).
         Starting [0;1;39mconsole-setup.service[0m - Set console font and keymap...
         Starting [0;1;39mfinalrd.service[0m - Create …time dir for shutdown pivot root...
         Starting [0;1;39mplymouth-read-write.servi…[0mymouth To Write Out Runtime Data...
         Starting [0;1;39msystemd-binfmt.service[0m - Set Up Additional Binary Formats...
         Starting [0;1;39msystemd-tmpfiles-setup.se…[0me Volatile Files and Directories...
         Starting [0;1;39mufw.service[0m - Uncomplicated firewall...
[[0;32m  OK  [0m] Finished [0;1;39mconsole-setup.service[0m - Set console font and keymap.
[[0;32m  OK  [0m] Finished [0;1;39mfinalrd.service[0m - Create …untime dir for shutdown pivot root.
[[0;32m  OK  [0m] Finished [0;1;39mplymouth-read-write.servi…[0mPlymouth To Write Out Runtime Data.
[[0;32m  OK  [0m] Finished [0;1;39mufw.service[0m - Uncomplicated firewall.
[[0;32m  OK  [0m] Reached target [0;1;39mnetwork-pre.target[0m - Preparation for Network.
         Mounting [0;1;39mproc-sys-fs-binfmt_misc.m…[0mcutable File Formats File System...
         Starting [0;1;39msystemd-networkd.service[0m - Network Configuration...
[[0;32m  OK  [0m] Mounted [0;1;39mproc-sys-fs-binfmt_misc.mo…[0mxecutable File Formats File System.
[[0;32m  OK  [0m] Finished [0;1;39msystemd-binfmt.service[0m - Set Up Additional Binary Formats.
[[0;32m  OK  [0m] Finished [0;1;39msystemd-tmpfiles-setup.se…[0mate Volatile Files and Directories.
         Starting [0;1;39msystemd-resolved.service[0m - Network Name Resolution...
         Starting [0;1;39msystemd-timesyncd.service[0m - Network Time Synchronization...
         Starting [0;1;39msystemd-update-utmp.servi…[0mord System Boot/Shutdown in UTMP...
[[0;32m  OK  [0m] Finished [0;1;39msystemd-update-utmp.servi…[0mecord System Boot/Shutdown in UTMP.
[[0;32m  OK  [0m] Started [0;1;39msystemd-networkd.service[0m - Network Configuration.
         Starting [0;1;39msystemd-networkd-wait-onl…[0mait for Network to be Configured...
[[0;32m  OK  [0m] Started [0;1;39msystemd-timesyncd.service[0m - Network Time Synchronization.
[[0;32m  OK  [0m] Reached target [0;1;39mtime-set.target[0m - System Time Set.
[[0;32m  OK  [0m] Started [0;1;39msystemd-resolved.service[0m - Network Name Resolution.
[[0;32m  OK  [0m] Reached target [0;1;39mnetwork.target[0m - Network.
[[0;32m  OK  [0m] Reached target [0;1;39mnss-lookup.target[0m - Host and Network Name Lookups.
[[0;32m  OK  [0m] Reached target [0;1;39msysinit.target[0m - System Initialization.
[[0;32m  OK  [0m] Started [0;1;39mapt-daily.timer[0m - Daily apt download activities.
[[0;32m  OK  [0m] Started [0;1;39mapt-daily-upgrade.timer[0m - …y apt upgrade and clean activities.
[[0;32m  OK  [0m] Started [0;1;39mdpkg-db-backup.timer[0m - Daily dpkg database backup timer.
[[0;32m  OK  [0m] Started [0;1;39me2scrub_all.timer[0m - Period…Metadata Check for All Filesystems.
[[0;32m  OK  [0m] Started [0;1;39mfstrim.timer[0m - Discard unused filesystem blocks once a week.
[[0;32m  OK  [0m] Started [0;1;39mfwupd-refresh.timer[0m - Refresh fwupd metadata regularly.
[[0;32m  OK  [0m] Started [0;1;39mlogrotate.timer[0m - Daily rotation of log files.
[[0;32m  OK  [0m] Started [0;1;39mman-db.timer[0m - Daily man-db regeneration.
[[0;32m  OK  [0m] Started [0;1;39mmotd-news.timer[0m - Message of the Day.
[[0;32m  OK  [0m] Started [0;1;39msysstat-collect.timer[0m - Ru…y accounting tool every 10 minutes.
[[0;32m  OK  [0m] Started [0;1;39msysstat-summary.timer[0m - Ge… of yesterday's process accounting.
[[0;32m  OK  [0m] Started [0;1;39msystemd-tmpfiles-clean.tim…[0my Cleanup of Temporary Directories.
[[0;32m  OK  [0m] Reached target [0;1;39mpaths.target[0m - Path Units.
[[0;32m  OK  [0m] Listening on [0;1;39mdbus.socket[0m - D-Bus System Message Bus Socket.
[[0;32m  OK  [0m] Listening on [0;1;39miscsid.socket[0m - Open-iSCSI iscsid Socket.
         Starting [0;1;39mlxd-installer.socket[0m - He…er to install lxd snap on demand...
         Starting [0;1;39msnapd.socket[0m - Socket activation for snappy daemon...
[[0;32m  OK  [0m] Listening on [0;1;39mssh.socket[0m - OpenBSD Secure Shell server socket.
[[0;32m  OK  [0m] Listening on [0;1;39muuidd.socket[0m - UUID daemon activation socket.
[[0;32m  OK  [0m] Listening on [0;1;39mlxd-installer.socket[0m …lper to install lxd snap on demand.
[[0;32m  OK  [0m] Listening on [0;1;39msnapd.socket[0m - Socket activation for snappy daemon.
[[0;32m  OK  [0m] Reached target [0;1;39msockets.target[0m - Socket Units.
[[0;32m  OK  [0m] Reached target [0;1;39mbasic.target[0m - Basic System.
         Starting [0;1;39mdbus.service[0m - D-Bus System Message Bus...
[[0;32m  OK  [0m] Started [0;1;39mdmesg.service[0m - Save initial kernel messages after boot.
         Starting [0;1;39me2scrub_reap.service[0m - Re…ne ext4 Metadata Check Snapshots...
         Starting [0;1;39mgrub-common.service[0m - Record successful boot for GRUB...
         Starting [0;1;39mpolkit.service[0m - Authorization Manager...
         Starting [0;1;39mrsyslog.service[0m - System Logging Service...
[[0;32m  OK  [0m] Reached target [0;1;39mgetty-pre.target[0m - Preparation for Logins.
         Starting [0;1;39msnapd.seeded.service[0m - Wait until snapd is fully seeded...
         Starting [0;1;39msnapd.service[0m - Snap Daemon...
         Starting [0;1;39msysstat.service[0m - Resets System Activity Logs...
         Starting [0;1;39msystemd-logind.service[0m - User Login Management...
         Starting [0;1;39mudisks2.service[0m - Disk Manager...
[[0;32m  OK  [0m] Started [0;1;39mdbus.service[0m - D-Bus System Message Bus.
[[0;32m  OK  [0m] Finished [0;1;39msysstat.service[0m - Resets System Activity Logs.
[[0;32m  OK  [0m] Finished [0;1;39mgrub-common.service[0m - Record successful boot for GRUB.
         Starting [0;1;39mgrub-initrd-fallback.service[0m - GRUB failed boot detection...
[[0;32m  OK  [0m] Finished [0;1;39me2scrub_reap.service[0m - Re…line ext4 Metadata Check Snapshots.
[[0;32m  OK  [0m] Started [0;1;39msystemd-logind.service[0m - User Login Management.
[[0;32m  OK  [0m] Started [0;1;39munattended-upgrades.service[0m - Unattended Upgrades Shutdown.
[[0;32m  OK  [0m] Finished [0;1;39mgrub-initrd-fallback.service[0m - GRUB failed boot detection.
[[0;32m  OK  [0m] Started [0;1;39mrsyslog.service[0m - System Logging Service.
[[0;32m  OK  [0m] Started [0;1;39mpolkit.service[0m - Authorization Manager.
         Starting [0;1;39mModemManager.service[0m - Modem Manager...
[[0;32m  OK  [0m] Started [0;1;39mudisks2.service[0m - Disk Manager.
[[0;32m  OK  [0m] Finished [0;1;39msystemd-networkd-wait-onl…[0m Wait for Network to be Configured.
[[0;32m  OK  [0m] Reached target [0;1;39mnetwork-online.target[0m - Network is Online.
[[0;32m  OK  [0m] Started [0;1;39mupdate-notifier-download.t…[0mhat failed at package install time.
[[0;32m  OK  [0m] Started [0;1;39mupdate-notifier-motd.timer[0m… a new version of Ubuntu available.
[[0;32m  OK  [0m] Reached target [0;1;39mtimers.target[0m - Timer Units.
[[0;32m  OK  [0m] Reached target [0;1;39mremote-fs-pre.targe…[0mreparation for Remote File Systems.
[[0;32m  OK  [0m] Reached target [0;1;39mremote-fs.target[0m - Remote File Systems.
         Starting [0;1;39mapport.service[0m - automatic crash report generation...
[[0;32m  OK  [0m] Finished [0;1;39mblk-availability.service[0m - Availability of block devices.
[[0;32m  OK  [0m] Started [0;1;39mcron.service[0m - Regular background program processing daemon.
         Starting [0;1;39msystemd-user-sessions.service[0m - Permit User Sessions...
[[0;32m  OK  [0m] Started [0;1;39mModemManager.service[0m - Modem Manager.
[[0;32m  OK  [0m] Finished [0;1;39msystemd-user-sessions.service[0m - Permit User Sessions.
         Starting [0;1;39mplymouth-quit-wait.servic…[0md until boot process finishes up...
         Starting [0;1;39mplymouth-quit.service[0m - Terminate Plymouth Boot Screen...
[[0;32m  OK  [0m] Finished [0;1;39mplymouth-quit-wait.servic…[0mold until boot process finishes up.
[[0;32m  OK  [0m] Finished [0;1;39mplymouth-quit.service[0m - Terminate Plymouth Boot Screen.
[[0;32m  OK  [0m] Started [0;1;39msnapd.service[0m - Snap Daemon.
[[0;32m  OK  [0m] Started [0;1;39mserial-getty@ttyS0.service[0m - Serial Getty on ttyS0.
         Starting [0;1;39msetvtrgb.service[0m - Set console scheme...
         Starting [0;1;39msystemd-timedated.service[0m - Time & Date Service...
[[0;32m  OK  [0m] Finished [0;1;39msetvtrgb.service[0m - Set console scheme.
[[0;32m  OK  [0m] Created slice [0;1;39msystem-getty.slice[0m - Slice /system/getty.
[[0;32m  OK  [0m] Started [0;1;39mgetty@tty1.service[0m - Getty on tty1.
[[0;32m  OK  [0m] Reached target [0;1;39mgetty.target[0m - Login Prompts.
[[0;32m  OK  [0m] Started [0;1;39msystemd-timedated.service[0m - Time & Date Service.
[[0;32m  OK  [0m] Finished [0;1;39msnapd.seeded.service[0m - Wait until snapd is fully seeded.
[[0;32m  OK  [0m] Finished [0;1;39mapport.service[0m - automatic crash report generation.
[[0;32m  OK  [0m] Reached target [0;1;39mmulti-user.target[0m - Multi-User System.
[[0;32m  OK  [0m] Reached target [0;1;39mgraphical.target[0m - Graphical Interface.
         Starting [0;1;39msystemd-update-utmp-runle…[0m- Record Runlevel Change in UTMP...
[[0;32m  OK  [0m] Finished [0;1;39msystemd-update-utmp-runle…e[0m - Record Runlevel Change in UTMP.

Ubuntu 24.04.2 LTS ubuntu-lkp ttyS0

ubuntu-lkp login:                                                    